

================================================================
== Vivado HLS Report for 'example'
================================================================
* Date:           Mon May 12 10:52:45 2025

* Version:        2020.1 (Build 2897737 on Wed May 27 20:21:37 MDT 2020)
* Project:        assignment7
* Solution:       solution1
* Product family: virtexuplus
* Target device:  xcvu9p-flga2104-1-i


================================================================
== Performance Estimates
================================================================
+ Timing: 
    * Summary: 
    +--------+----------+-----------+------------+
    |  Clock |  Target  | Estimated | Uncertainty|
    +--------+----------+-----------+------------+
    |ap_clk  | 25.00 ns | 16.226 ns |   3.12 ns  |
    +--------+----------+-----------+------------+

+ Latency: 
    * Summary: 
    +---------+---------+----------+-----------+-----+------+----------+
    |  Latency (cycles) |  Latency (absolute)  |  Interval  | Pipeline |
    |   min   |   max   |    min   |    max    | min |  max |   Type   |
    +---------+---------+----------+-----------+-----+------+----------+
    |      227|     1188| 5.675 us | 29.700 us |  161|  1122| dataflow |
    +---------+---------+----------+-----------+-----+------+----------+

    + Detail: 
        * Instance: 
        +----------------+-------------+---------+---------+----------+-----------+-----+------+---------+
        |                |             |  Latency (cycles) |  Latency (absolute)  |  Interval  | Pipeline|
        |    Instance    |    Module   |   min   |   max   |    min   |    max    | min |  max |   Type  |
        +----------------+-------------+---------+---------+----------+-----------+-----+------+---------+
        |Loop_1_proc_U0  |Loop_1_proc  |      160|     1121| 4.000 us | 28.025 us |  160|  1121|   none  |
        |Loop_3_proc_U0  |Loop_3_proc  |       66|       66| 1.650 us |  1.650 us |   66|    66|   none  |
        +----------------+-------------+---------+---------+----------+-----------+-----+------+---------+

        * Loop: 
        N/A



================================================================
== Utilization Estimates
================================================================
* Summary: 
+---------------------+---------+-------+---------+---------+-----+
|         Name        | BRAM_18K| DSP48E|    FF   |   LUT   | URAM|
+---------------------+---------+-------+---------+---------+-----+
|DSP                  |        -|      -|        -|        -|    -|
|Expression           |        -|      -|        0|      134|    -|
|FIFO                 |        0|      -|      320|     2432|    -|
|Instance             |        -|     64|     6657|     4714|    -|
|Memory               |        -|      -|        -|        -|    -|
|Multiplexer          |        -|      -|        -|      288|    -|
|Register             |        -|      -|       32|        -|    -|
+---------------------+---------+-------+---------+---------+-----+
|Total                |        0|     64|     7009|     7568|    0|
+---------------------+---------+-------+---------+---------+-----+
|Available SLR        |     1440|   2280|   788160|   394080|  320|
+---------------------+---------+-------+---------+---------+-----+
|Utilization SLR (%)  |        0|      2|    ~0   |        1|    0|
+---------------------+---------+-------+---------+---------+-----+
|Available            |     4320|   6840|  2364480|  1182240|  960|
+---------------------+---------+-------+---------+---------+-----+
|Utilization (%)      |        0|   ~0  |    ~0   |    ~0   |    0|
+---------------------+---------+-------+---------+---------+-----+

+ Detail: 
    * Instance: 
    +----------------+-------------+---------+-------+------+------+-----+
    |    Instance    |    Module   | BRAM_18K| DSP48E|  FF  |  LUT | URAM|
    +----------------+-------------+---------+-------+------+------+-----+
    |Loop_1_proc_U0  |Loop_1_proc  |        0|     64|  4150|  3510|    0|
    |Loop_3_proc_U0  |Loop_3_proc  |        0|      0|  2507|  1204|    0|
    +----------------+-------------+---------+-------+------+------+-----+
    |Total           |             |        0|     64|  6657|  4714|    0|
    +----------------+-------------+---------+-------+------+------+-----+

    * DSP48E: 
    N/A

    * Memory: 
    N/A

    * FIFO: 
    +---------------------+---------+---+----+-----+------+-----+---------+
    |         Name        | BRAM_18K| FF| LUT| URAM| Depth| Bits| Size:D*B|
    +---------------------+---------+---+----+-----+------+-----+---------+
    |prod_0_V_c_U         |        0|  5|   0|    -|     2|   26|       52|
    |prod_10_V_c_U        |        0|  5|   0|    -|     2|   26|       52|
    |prod_11_V_c_U        |        0|  5|   0|    -|     2|   26|       52|
    |prod_12_V_c_U        |        0|  5|   0|    -|     2|   26|       52|
    |prod_13_V_c_U        |        0|  5|   0|    -|     2|   26|       52|
    |prod_14_V_c_U        |        0|  5|   0|    -|     2|   26|       52|
    |prod_15_V_c_U        |        0|  5|   0|    -|     2|   26|       52|
    |prod_16_V_c_U        |        0|  5|   0|    -|     2|   26|       52|
    |prod_17_V_c_U        |        0|  5|   0|    -|     2|   26|       52|
    |prod_18_V_c_U        |        0|  5|   0|    -|     2|   26|       52|
    |prod_19_V_c_U        |        0|  5|   0|    -|     2|   26|       52|
    |prod_1_V_c_U         |        0|  5|   0|    -|     2|   26|       52|
    |prod_20_V_c_U        |        0|  5|   0|    -|     2|   26|       52|
    |prod_21_V_c_U        |        0|  5|   0|    -|     2|   26|       52|
    |prod_22_V_c_U        |        0|  5|   0|    -|     2|   26|       52|
    |prod_23_V_c_U        |        0|  5|   0|    -|     2|   26|       52|
    |prod_24_V_c_U        |        0|  5|   0|    -|     2|   26|       52|
    |prod_25_V_c_U        |        0|  5|   0|    -|     2|   26|       52|
    |prod_26_V_c_U        |        0|  5|   0|    -|     2|   26|       52|
    |prod_27_V_c_U        |        0|  5|   0|    -|     2|   26|       52|
    |prod_28_V_c_U        |        0|  5|   0|    -|     2|   26|       52|
    |prod_29_V_c_U        |        0|  5|   0|    -|     2|   26|       52|
    |prod_2_V_c_U         |        0|  5|   0|    -|     2|   26|       52|
    |prod_30_V_c_U        |        0|  5|   0|    -|     2|   26|       52|
    |prod_31_V_c_U        |        0|  5|   0|    -|     2|   26|       52|
    |prod_32_V_channel_U  |        0|  5|   0|    -|     2|   26|       52|
    |prod_33_V_channel_U  |        0|  5|   0|    -|     2|   26|       52|
    |prod_34_V_channel_U  |        0|  5|   0|    -|     2|   26|       52|
    |prod_35_V_channel_U  |        0|  5|   0|    -|     2|   26|       52|
    |prod_36_V_channel_U  |        0|  5|   0|    -|     2|   26|       52|
    |prod_37_V_channel_U  |        0|  5|   0|    -|     2|   26|       52|
    |prod_38_V_channel_U  |        0|  5|   0|    -|     2|   26|       52|
    |prod_39_V_channel_U  |        0|  5|   0|    -|     2|   26|       52|
    |prod_3_V_c_U         |        0|  5|   0|    -|     2|   26|       52|
    |prod_40_V_channel_U  |        0|  5|   0|    -|     2|   26|       52|
    |prod_41_V_channel_U  |        0|  5|   0|    -|     2|   26|       52|
    |prod_42_V_channel_U  |        0|  5|   0|    -|     2|   26|       52|
    |prod_43_V_channel_U  |        0|  5|   0|    -|     2|   26|       52|
    |prod_44_V_channel_U  |        0|  5|   0|    -|     2|   26|       52|
    |prod_45_V_channel_U  |        0|  5|   0|    -|     2|   26|       52|
    |prod_46_V_channel_U  |        0|  5|   0|    -|     2|   26|       52|
    |prod_47_V_channel_U  |        0|  5|   0|    -|     2|   26|       52|
    |prod_48_V_channel_U  |        0|  5|   0|    -|     2|   26|       52|
    |prod_49_V_channel_U  |        0|  5|   0|    -|     2|   26|       52|
    |prod_4_V_c_U         |        0|  5|   0|    -|     2|   26|       52|
    |prod_50_V_channel_U  |        0|  5|   0|    -|     2|   26|       52|
    |prod_51_V_channel_U  |        0|  5|   0|    -|     2|   26|       52|
    |prod_52_V_channel_U  |        0|  5|   0|    -|     2|   26|       52|
    |prod_53_V_channel_U  |        0|  5|   0|    -|     2|   26|       52|
    |prod_54_V_channel_U  |        0|  5|   0|    -|     2|   26|       52|
    |prod_55_V_channel_U  |        0|  5|   0|    -|     2|   26|       52|
    |prod_56_V_channel_U  |        0|  5|   0|    -|     2|   26|       52|
    |prod_57_V_channel_U  |        0|  5|   0|    -|     2|   26|       52|
    |prod_58_V_channel_U  |        0|  5|   0|    -|     2|   26|       52|
    |prod_59_V_channel_U  |        0|  5|   0|    -|     2|   26|       52|
    |prod_5_V_c_U         |        0|  5|   0|    -|     2|   26|       52|
    |prod_60_V_channel_U  |        0|  5|   0|    -|     2|   26|       52|
    |prod_61_V_channel_U  |        0|  5|   0|    -|     2|   26|       52|
    |prod_62_V_channel_U  |        0|  5|   0|    -|     2|   26|       52|
    |prod_63_V_channel_U  |        0|  5|   0|    -|     2|   26|       52|
    |prod_6_V_c_U         |        0|  5|   0|    -|     2|   26|       52|
    |prod_7_V_c_U         |        0|  5|   0|    -|     2|   26|       52|
    |prod_8_V_c_U         |        0|  5|   0|    -|     2|   26|       52|
    |prod_9_V_c_U         |        0|  5|   0|    -|     2|   26|       52|
    +---------------------+---------+---+----+-----+------+-----+---------+
    |Total                |        0|320|   0|    0|   128| 1664|     3328|
    +---------------------+---------+---+----+-----+------+-----+---------+

    * Expression: 
    +-----------------------------------------+----------+-------+---+----+------------+------------+
    |              Variable Name              | Operation| DSP48E| FF| LUT| Bitwidth P0| Bitwidth P1|
    +-----------------------------------------+----------+-------+---+----+------------+------------+
    |Loop_1_proc_U0_ap_continue               |    and   |      0|  0|   2|           1|           1|
    |Loop_3_proc_U0_ap_start                  |    and   |      0|  0|   2|           1|           1|
    |ap_channel_done_prod_32_V_channel        |    and   |      0|  0|   2|           1|           1|
    |ap_channel_done_prod_33_V_channel        |    and   |      0|  0|   2|           1|           1|
    |ap_channel_done_prod_34_V_channel        |    and   |      0|  0|   2|           1|           1|
    |ap_channel_done_prod_35_V_channel        |    and   |      0|  0|   2|           1|           1|
    |ap_channel_done_prod_36_V_channel        |    and   |      0|  0|   2|           1|           1|
    |ap_channel_done_prod_37_V_channel        |    and   |      0|  0|   2|           1|           1|
    |ap_channel_done_prod_38_V_channel        |    and   |      0|  0|   2|           1|           1|
    |ap_channel_done_prod_39_V_channel        |    and   |      0|  0|   2|           1|           1|
    |ap_channel_done_prod_40_V_channel        |    and   |      0|  0|   2|           1|           1|
    |ap_channel_done_prod_41_V_channel        |    and   |      0|  0|   2|           1|           1|
    |ap_channel_done_prod_42_V_channel        |    and   |      0|  0|   2|           1|           1|
    |ap_channel_done_prod_43_V_channel        |    and   |      0|  0|   2|           1|           1|
    |ap_channel_done_prod_44_V_channel        |    and   |      0|  0|   2|           1|           1|
    |ap_channel_done_prod_45_V_channel        |    and   |      0|  0|   2|           1|           1|
    |ap_channel_done_prod_46_V_channel        |    and   |      0|  0|   2|           1|           1|
    |ap_channel_done_prod_47_V_channel        |    and   |      0|  0|   2|           1|           1|
    |ap_channel_done_prod_48_V_channel        |    and   |      0|  0|   2|           1|           1|
    |ap_channel_done_prod_49_V_channel        |    and   |      0|  0|   2|           1|           1|
    |ap_channel_done_prod_50_V_channel        |    and   |      0|  0|   2|           1|           1|
    |ap_channel_done_prod_51_V_channel        |    and   |      0|  0|   2|           1|           1|
    |ap_channel_done_prod_52_V_channel        |    and   |      0|  0|   2|           1|           1|
    |ap_channel_done_prod_53_V_channel        |    and   |      0|  0|   2|           1|           1|
    |ap_channel_done_prod_54_V_channel        |    and   |      0|  0|   2|           1|           1|
    |ap_channel_done_prod_55_V_channel        |    and   |      0|  0|   2|           1|           1|
    |ap_channel_done_prod_56_V_channel        |    and   |      0|  0|   2|           1|           1|
    |ap_channel_done_prod_57_V_channel        |    and   |      0|  0|   2|           1|           1|
    |ap_channel_done_prod_58_V_channel        |    and   |      0|  0|   2|           1|           1|
    |ap_channel_done_prod_59_V_channel        |    and   |      0|  0|   2|           1|           1|
    |ap_channel_done_prod_60_V_channel        |    and   |      0|  0|   2|           1|           1|
    |ap_channel_done_prod_61_V_channel        |    and   |      0|  0|   2|           1|           1|
    |ap_channel_done_prod_62_V_channel        |    and   |      0|  0|   2|           1|           1|
    |ap_channel_done_prod_63_V_channel        |    and   |      0|  0|   2|           1|           1|
    |ap_idle                                  |    and   |      0|  0|   2|           1|           1|
    |ap_sync_channel_write_prod_32_V_channel  |    or    |      0|  0|   2|           1|           1|
    |ap_sync_channel_write_prod_33_V_channel  |    or    |      0|  0|   2|           1|           1|
    |ap_sync_channel_write_prod_34_V_channel  |    or    |      0|  0|   2|           1|           1|
    |ap_sync_channel_write_prod_35_V_channel  |    or    |      0|  0|   2|           1|           1|
    |ap_sync_channel_write_prod_36_V_channel  |    or    |      0|  0|   2|           1|           1|
    |ap_sync_channel_write_prod_37_V_channel  |    or    |      0|  0|   2|           1|           1|
    |ap_sync_channel_write_prod_38_V_channel  |    or    |      0|  0|   2|           1|           1|
    |ap_sync_channel_write_prod_39_V_channel  |    or    |      0|  0|   2|           1|           1|
    |ap_sync_channel_write_prod_40_V_channel  |    or    |      0|  0|   2|           1|           1|
    |ap_sync_channel_write_prod_41_V_channel  |    or    |      0|  0|   2|           1|           1|
    |ap_sync_channel_write_prod_42_V_channel  |    or    |      0|  0|   2|           1|           1|
    |ap_sync_channel_write_prod_43_V_channel  |    or    |      0|  0|   2|           1|           1|
    |ap_sync_channel_write_prod_44_V_channel  |    or    |      0|  0|   2|           1|           1|
    |ap_sync_channel_write_prod_45_V_channel  |    or    |      0|  0|   2|           1|           1|
    |ap_sync_channel_write_prod_46_V_channel  |    or    |      0|  0|   2|           1|           1|
    |ap_sync_channel_write_prod_47_V_channel  |    or    |      0|  0|   2|           1|           1|
    |ap_sync_channel_write_prod_48_V_channel  |    or    |      0|  0|   2|           1|           1|
    |ap_sync_channel_write_prod_49_V_channel  |    or    |      0|  0|   2|           1|           1|
    |ap_sync_channel_write_prod_50_V_channel  |    or    |      0|  0|   2|           1|           1|
    |ap_sync_channel_write_prod_51_V_channel  |    or    |      0|  0|   2|           1|           1|
    |ap_sync_channel_write_prod_52_V_channel  |    or    |      0|  0|   2|           1|           1|
    |ap_sync_channel_write_prod_53_V_channel  |    or    |      0|  0|   2|           1|           1|
    |ap_sync_channel_write_prod_54_V_channel  |    or    |      0|  0|   2|           1|           1|
    |ap_sync_channel_write_prod_55_V_channel  |    or    |      0|  0|   2|           1|           1|
    |ap_sync_channel_write_prod_56_V_channel  |    or    |      0|  0|   2|           1|           1|
    |ap_sync_channel_write_prod_57_V_channel  |    or    |      0|  0|   2|           1|           1|
    |ap_sync_channel_write_prod_58_V_channel  |    or    |      0|  0|   2|           1|           1|
    |ap_sync_channel_write_prod_59_V_channel  |    or    |      0|  0|   2|           1|           1|
    |ap_sync_channel_write_prod_60_V_channel  |    or    |      0|  0|   2|           1|           1|
    |ap_sync_channel_write_prod_61_V_channel  |    or    |      0|  0|   2|           1|           1|
    |ap_sync_channel_write_prod_62_V_channel  |    or    |      0|  0|   2|           1|           1|
    |ap_sync_channel_write_prod_63_V_channel  |    or    |      0|  0|   2|           1|           1|
    +-----------------------------------------+----------+-------+---+----+------------+------------+
    |Total                                    |          |      0|  0| 134|          67|          67|
    +-----------------------------------------+----------+-------+---+----+------------+------------+

    * Multiplexer: 
    +---------------------------------------------+----+-----------+-----+-----------+
    |                     Name                    | LUT| Input Size| Bits| Total Bits|
    +---------------------------------------------+----+-----------+-----+-----------+
    |ap_sync_reg_channel_write_prod_32_V_channel  |   9|          2|    1|          2|
    |ap_sync_reg_channel_write_prod_33_V_channel  |   9|          2|    1|          2|
    |ap_sync_reg_channel_write_prod_34_V_channel  |   9|          2|    1|          2|
    |ap_sync_reg_channel_write_prod_35_V_channel  |   9|          2|    1|          2|
    |ap_sync_reg_channel_write_prod_36_V_channel  |   9|          2|    1|          2|
    |ap_sync_reg_channel_write_prod_37_V_channel  |   9|          2|    1|          2|
    |ap_sync_reg_channel_write_prod_38_V_channel  |   9|          2|    1|          2|
    |ap_sync_reg_channel_write_prod_39_V_channel  |   9|          2|    1|          2|
    |ap_sync_reg_channel_write_prod_40_V_channel  |   9|          2|    1|          2|
    |ap_sync_reg_channel_write_prod_41_V_channel  |   9|          2|    1|          2|
    |ap_sync_reg_channel_write_prod_42_V_channel  |   9|          2|    1|          2|
    |ap_sync_reg_channel_write_prod_43_V_channel  |   9|          2|    1|          2|
    |ap_sync_reg_channel_write_prod_44_V_channel  |   9|          2|    1|          2|
    |ap_sync_reg_channel_write_prod_45_V_channel  |   9|          2|    1|          2|
    |ap_sync_reg_channel_write_prod_46_V_channel  |   9|          2|    1|          2|
    |ap_sync_reg_channel_write_prod_47_V_channel  |   9|          2|    1|          2|
    |ap_sync_reg_channel_write_prod_48_V_channel  |   9|          2|    1|          2|
    |ap_sync_reg_channel_write_prod_49_V_channel  |   9|          2|    1|          2|
    |ap_sync_reg_channel_write_prod_50_V_channel  |   9|          2|    1|          2|
    |ap_sync_reg_channel_write_prod_51_V_channel  |   9|          2|    1|          2|
    |ap_sync_reg_channel_write_prod_52_V_channel  |   9|          2|    1|          2|
    |ap_sync_reg_channel_write_prod_53_V_channel  |   9|          2|    1|          2|
    |ap_sync_reg_channel_write_prod_54_V_channel  |   9|          2|    1|          2|
    |ap_sync_reg_channel_write_prod_55_V_channel  |   9|          2|    1|          2|
    |ap_sync_reg_channel_write_prod_56_V_channel  |   9|          2|    1|          2|
    |ap_sync_reg_channel_write_prod_57_V_channel  |   9|          2|    1|          2|
    |ap_sync_reg_channel_write_prod_58_V_channel  |   9|          2|    1|          2|
    |ap_sync_reg_channel_write_prod_59_V_channel  |   9|          2|    1|          2|
    |ap_sync_reg_channel_write_prod_60_V_channel  |   9|          2|    1|          2|
    |ap_sync_reg_channel_write_prod_61_V_channel  |   9|          2|    1|          2|
    |ap_sync_reg_channel_write_prod_62_V_channel  |   9|          2|    1|          2|
    |ap_sync_reg_channel_write_prod_63_V_channel  |   9|          2|    1|          2|
    +---------------------------------------------+----+-----------+-----+-----------+
    |Total                                        | 288|         64|   32|         64|
    +---------------------------------------------+----+-----------+-----+-----------+

    * Register: 
    +---------------------------------------------+---+----+-----+-----------+
    |                     Name                    | FF| LUT| Bits| Const Bits|
    +---------------------------------------------+---+----+-----+-----------+
    |ap_sync_reg_channel_write_prod_32_V_channel  |  1|   0|    1|          0|
    |ap_sync_reg_channel_write_prod_33_V_channel  |  1|   0|    1|          0|
    |ap_sync_reg_channel_write_prod_34_V_channel  |  1|   0|    1|          0|
    |ap_sync_reg_channel_write_prod_35_V_channel  |  1|   0|    1|          0|
    |ap_sync_reg_channel_write_prod_36_V_channel  |  1|   0|    1|          0|
    |ap_sync_reg_channel_write_prod_37_V_channel  |  1|   0|    1|          0|
    |ap_sync_reg_channel_write_prod_38_V_channel  |  1|   0|    1|          0|
    |ap_sync_reg_channel_write_prod_39_V_channel  |  1|   0|    1|          0|
    |ap_sync_reg_channel_write_prod_40_V_channel  |  1|   0|    1|          0|
    |ap_sync_reg_channel_write_prod_41_V_channel  |  1|   0|    1|          0|
    |ap_sync_reg_channel_write_prod_42_V_channel  |  1|   0|    1|          0|
    |ap_sync_reg_channel_write_prod_43_V_channel  |  1|   0|    1|          0|
    |ap_sync_reg_channel_write_prod_44_V_channel  |  1|   0|    1|          0|
    |ap_sync_reg_channel_write_prod_45_V_channel  |  1|   0|    1|          0|
    |ap_sync_reg_channel_write_prod_46_V_channel  |  1|   0|    1|          0|
    |ap_sync_reg_channel_write_prod_47_V_channel  |  1|   0|    1|          0|
    |ap_sync_reg_channel_write_prod_48_V_channel  |  1|   0|    1|          0|
    |ap_sync_reg_channel_write_prod_49_V_channel  |  1|   0|    1|          0|
    |ap_sync_reg_channel_write_prod_50_V_channel  |  1|   0|    1|          0|
    |ap_sync_reg_channel_write_prod_51_V_channel  |  1|   0|    1|          0|
    |ap_sync_reg_channel_write_prod_52_V_channel  |  1|   0|    1|          0|
    |ap_sync_reg_channel_write_prod_53_V_channel  |  1|   0|    1|          0|
    |ap_sync_reg_channel_write_prod_54_V_channel  |  1|   0|    1|          0|
    |ap_sync_reg_channel_write_prod_55_V_channel  |  1|   0|    1|          0|
    |ap_sync_reg_channel_write_prod_56_V_channel  |  1|   0|    1|          0|
    |ap_sync_reg_channel_write_prod_57_V_channel  |  1|   0|    1|          0|
    |ap_sync_reg_channel_write_prod_58_V_channel  |  1|   0|    1|          0|
    |ap_sync_reg_channel_write_prod_59_V_channel  |  1|   0|    1|          0|
    |ap_sync_reg_channel_write_prod_60_V_channel  |  1|   0|    1|          0|
    |ap_sync_reg_channel_write_prod_61_V_channel  |  1|   0|    1|          0|
    |ap_sync_reg_channel_write_prod_62_V_channel  |  1|   0|    1|          0|
    |ap_sync_reg_channel_write_prod_63_V_channel  |  1|   0|    1|          0|
    +---------------------------------------------+---+----+-----+-----------+
    |Total                                        | 32|   0|   32|          0|
    +---------------------------------------------+---+----+-----+-----------+



================================================================
== Interface
================================================================
* Summary: 
+-----------------+-----+-----+------------+--------------+--------------+
|    RTL Ports    | Dir | Bits|  Protocol  | Source Object|    C Type    |
+-----------------+-----+-----+------------+--------------+--------------+
|A_0_V_address0   | out |    6|  ap_memory |     A_0_V    |     array    |
|A_0_V_ce0        | out |    1|  ap_memory |     A_0_V    |     array    |
|A_0_V_d0         | out |    8|  ap_memory |     A_0_V    |     array    |
|A_0_V_q0         |  in |    8|  ap_memory |     A_0_V    |     array    |
|A_0_V_we0        | out |    1|  ap_memory |     A_0_V    |     array    |
|A_0_V_address1   | out |    6|  ap_memory |     A_0_V    |     array    |
|A_0_V_ce1        | out |    1|  ap_memory |     A_0_V    |     array    |
|A_0_V_d1         | out |    8|  ap_memory |     A_0_V    |     array    |
|A_0_V_q1         |  in |    8|  ap_memory |     A_0_V    |     array    |
|A_0_V_we1        | out |    1|  ap_memory |     A_0_V    |     array    |
|A_1_V_address0   | out |    6|  ap_memory |     A_1_V    |     array    |
|A_1_V_ce0        | out |    1|  ap_memory |     A_1_V    |     array    |
|A_1_V_d0         | out |    8|  ap_memory |     A_1_V    |     array    |
|A_1_V_q0         |  in |    8|  ap_memory |     A_1_V    |     array    |
|A_1_V_we0        | out |    1|  ap_memory |     A_1_V    |     array    |
|A_1_V_address1   | out |    6|  ap_memory |     A_1_V    |     array    |
|A_1_V_ce1        | out |    1|  ap_memory |     A_1_V    |     array    |
|A_1_V_d1         | out |    8|  ap_memory |     A_1_V    |     array    |
|A_1_V_q1         |  in |    8|  ap_memory |     A_1_V    |     array    |
|A_1_V_we1        | out |    1|  ap_memory |     A_1_V    |     array    |
|A_2_V_address0   | out |    6|  ap_memory |     A_2_V    |     array    |
|A_2_V_ce0        | out |    1|  ap_memory |     A_2_V    |     array    |
|A_2_V_d0         | out |    8|  ap_memory |     A_2_V    |     array    |
|A_2_V_q0         |  in |    8|  ap_memory |     A_2_V    |     array    |
|A_2_V_we0        | out |    1|  ap_memory |     A_2_V    |     array    |
|A_2_V_address1   | out |    6|  ap_memory |     A_2_V    |     array    |
|A_2_V_ce1        | out |    1|  ap_memory |     A_2_V    |     array    |
|A_2_V_d1         | out |    8|  ap_memory |     A_2_V    |     array    |
|A_2_V_q1         |  in |    8|  ap_memory |     A_2_V    |     array    |
|A_2_V_we1        | out |    1|  ap_memory |     A_2_V    |     array    |
|A_3_V_address0   | out |    6|  ap_memory |     A_3_V    |     array    |
|A_3_V_ce0        | out |    1|  ap_memory |     A_3_V    |     array    |
|A_3_V_d0         | out |    8|  ap_memory |     A_3_V    |     array    |
|A_3_V_q0         |  in |    8|  ap_memory |     A_3_V    |     array    |
|A_3_V_we0        | out |    1|  ap_memory |     A_3_V    |     array    |
|A_3_V_address1   | out |    6|  ap_memory |     A_3_V    |     array    |
|A_3_V_ce1        | out |    1|  ap_memory |     A_3_V    |     array    |
|A_3_V_d1         | out |    8|  ap_memory |     A_3_V    |     array    |
|A_3_V_q1         |  in |    8|  ap_memory |     A_3_V    |     array    |
|A_3_V_we1        | out |    1|  ap_memory |     A_3_V    |     array    |
|A_4_V_address0   | out |    6|  ap_memory |     A_4_V    |     array    |
|A_4_V_ce0        | out |    1|  ap_memory |     A_4_V    |     array    |
|A_4_V_d0         | out |    8|  ap_memory |     A_4_V    |     array    |
|A_4_V_q0         |  in |    8|  ap_memory |     A_4_V    |     array    |
|A_4_V_we0        | out |    1|  ap_memory |     A_4_V    |     array    |
|A_4_V_address1   | out |    6|  ap_memory |     A_4_V    |     array    |
|A_4_V_ce1        | out |    1|  ap_memory |     A_4_V    |     array    |
|A_4_V_d1         | out |    8|  ap_memory |     A_4_V    |     array    |
|A_4_V_q1         |  in |    8|  ap_memory |     A_4_V    |     array    |
|A_4_V_we1        | out |    1|  ap_memory |     A_4_V    |     array    |
|A_5_V_address0   | out |    6|  ap_memory |     A_5_V    |     array    |
|A_5_V_ce0        | out |    1|  ap_memory |     A_5_V    |     array    |
|A_5_V_d0         | out |    8|  ap_memory |     A_5_V    |     array    |
|A_5_V_q0         |  in |    8|  ap_memory |     A_5_V    |     array    |
|A_5_V_we0        | out |    1|  ap_memory |     A_5_V    |     array    |
|A_5_V_address1   | out |    6|  ap_memory |     A_5_V    |     array    |
|A_5_V_ce1        | out |    1|  ap_memory |     A_5_V    |     array    |
|A_5_V_d1         | out |    8|  ap_memory |     A_5_V    |     array    |
|A_5_V_q1         |  in |    8|  ap_memory |     A_5_V    |     array    |
|A_5_V_we1        | out |    1|  ap_memory |     A_5_V    |     array    |
|A_6_V_address0   | out |    6|  ap_memory |     A_6_V    |     array    |
|A_6_V_ce0        | out |    1|  ap_memory |     A_6_V    |     array    |
|A_6_V_d0         | out |    8|  ap_memory |     A_6_V    |     array    |
|A_6_V_q0         |  in |    8|  ap_memory |     A_6_V    |     array    |
|A_6_V_we0        | out |    1|  ap_memory |     A_6_V    |     array    |
|A_6_V_address1   | out |    6|  ap_memory |     A_6_V    |     array    |
|A_6_V_ce1        | out |    1|  ap_memory |     A_6_V    |     array    |
|A_6_V_d1         | out |    8|  ap_memory |     A_6_V    |     array    |
|A_6_V_q1         |  in |    8|  ap_memory |     A_6_V    |     array    |
|A_6_V_we1        | out |    1|  ap_memory |     A_6_V    |     array    |
|A_7_V_address0   | out |    6|  ap_memory |     A_7_V    |     array    |
|A_7_V_ce0        | out |    1|  ap_memory |     A_7_V    |     array    |
|A_7_V_d0         | out |    8|  ap_memory |     A_7_V    |     array    |
|A_7_V_q0         |  in |    8|  ap_memory |     A_7_V    |     array    |
|A_7_V_we0        | out |    1|  ap_memory |     A_7_V    |     array    |
|A_7_V_address1   | out |    6|  ap_memory |     A_7_V    |     array    |
|A_7_V_ce1        | out |    1|  ap_memory |     A_7_V    |     array    |
|A_7_V_d1         | out |    8|  ap_memory |     A_7_V    |     array    |
|A_7_V_q1         |  in |    8|  ap_memory |     A_7_V    |     array    |
|A_7_V_we1        | out |    1|  ap_memory |     A_7_V    |     array    |
|A_8_V_address0   | out |    6|  ap_memory |     A_8_V    |     array    |
|A_8_V_ce0        | out |    1|  ap_memory |     A_8_V    |     array    |
|A_8_V_d0         | out |    8|  ap_memory |     A_8_V    |     array    |
|A_8_V_q0         |  in |    8|  ap_memory |     A_8_V    |     array    |
|A_8_V_we0        | out |    1|  ap_memory |     A_8_V    |     array    |
|A_8_V_address1   | out |    6|  ap_memory |     A_8_V    |     array    |
|A_8_V_ce1        | out |    1|  ap_memory |     A_8_V    |     array    |
|A_8_V_d1         | out |    8|  ap_memory |     A_8_V    |     array    |
|A_8_V_q1         |  in |    8|  ap_memory |     A_8_V    |     array    |
|A_8_V_we1        | out |    1|  ap_memory |     A_8_V    |     array    |
|A_9_V_address0   | out |    6|  ap_memory |     A_9_V    |     array    |
|A_9_V_ce0        | out |    1|  ap_memory |     A_9_V    |     array    |
|A_9_V_d0         | out |    8|  ap_memory |     A_9_V    |     array    |
|A_9_V_q0         |  in |    8|  ap_memory |     A_9_V    |     array    |
|A_9_V_we0        | out |    1|  ap_memory |     A_9_V    |     array    |
|A_9_V_address1   | out |    6|  ap_memory |     A_9_V    |     array    |
|A_9_V_ce1        | out |    1|  ap_memory |     A_9_V    |     array    |
|A_9_V_d1         | out |    8|  ap_memory |     A_9_V    |     array    |
|A_9_V_q1         |  in |    8|  ap_memory |     A_9_V    |     array    |
|A_9_V_we1        | out |    1|  ap_memory |     A_9_V    |     array    |
|A_10_V_address0  | out |    6|  ap_memory |    A_10_V    |     array    |
|A_10_V_ce0       | out |    1|  ap_memory |    A_10_V    |     array    |
|A_10_V_d0        | out |    8|  ap_memory |    A_10_V    |     array    |
|A_10_V_q0        |  in |    8|  ap_memory |    A_10_V    |     array    |
|A_10_V_we0       | out |    1|  ap_memory |    A_10_V    |     array    |
|A_10_V_address1  | out |    6|  ap_memory |    A_10_V    |     array    |
|A_10_V_ce1       | out |    1|  ap_memory |    A_10_V    |     array    |
|A_10_V_d1        | out |    8|  ap_memory |    A_10_V    |     array    |
|A_10_V_q1        |  in |    8|  ap_memory |    A_10_V    |     array    |
|A_10_V_we1       | out |    1|  ap_memory |    A_10_V    |     array    |
|A_11_V_address0  | out |    6|  ap_memory |    A_11_V    |     array    |
|A_11_V_ce0       | out |    1|  ap_memory |    A_11_V    |     array    |
|A_11_V_d0        | out |    8|  ap_memory |    A_11_V    |     array    |
|A_11_V_q0        |  in |    8|  ap_memory |    A_11_V    |     array    |
|A_11_V_we0       | out |    1|  ap_memory |    A_11_V    |     array    |
|A_11_V_address1  | out |    6|  ap_memory |    A_11_V    |     array    |
|A_11_V_ce1       | out |    1|  ap_memory |    A_11_V    |     array    |
|A_11_V_d1        | out |    8|  ap_memory |    A_11_V    |     array    |
|A_11_V_q1        |  in |    8|  ap_memory |    A_11_V    |     array    |
|A_11_V_we1       | out |    1|  ap_memory |    A_11_V    |     array    |
|A_12_V_address0  | out |    6|  ap_memory |    A_12_V    |     array    |
|A_12_V_ce0       | out |    1|  ap_memory |    A_12_V    |     array    |
|A_12_V_d0        | out |    8|  ap_memory |    A_12_V    |     array    |
|A_12_V_q0        |  in |    8|  ap_memory |    A_12_V    |     array    |
|A_12_V_we0       | out |    1|  ap_memory |    A_12_V    |     array    |
|A_12_V_address1  | out |    6|  ap_memory |    A_12_V    |     array    |
|A_12_V_ce1       | out |    1|  ap_memory |    A_12_V    |     array    |
|A_12_V_d1        | out |    8|  ap_memory |    A_12_V    |     array    |
|A_12_V_q1        |  in |    8|  ap_memory |    A_12_V    |     array    |
|A_12_V_we1       | out |    1|  ap_memory |    A_12_V    |     array    |
|A_13_V_address0  | out |    6|  ap_memory |    A_13_V    |     array    |
|A_13_V_ce0       | out |    1|  ap_memory |    A_13_V    |     array    |
|A_13_V_d0        | out |    8|  ap_memory |    A_13_V    |     array    |
|A_13_V_q0        |  in |    8|  ap_memory |    A_13_V    |     array    |
|A_13_V_we0       | out |    1|  ap_memory |    A_13_V    |     array    |
|A_13_V_address1  | out |    6|  ap_memory |    A_13_V    |     array    |
|A_13_V_ce1       | out |    1|  ap_memory |    A_13_V    |     array    |
|A_13_V_d1        | out |    8|  ap_memory |    A_13_V    |     array    |
|A_13_V_q1        |  in |    8|  ap_memory |    A_13_V    |     array    |
|A_13_V_we1       | out |    1|  ap_memory |    A_13_V    |     array    |
|A_14_V_address0  | out |    6|  ap_memory |    A_14_V    |     array    |
|A_14_V_ce0       | out |    1|  ap_memory |    A_14_V    |     array    |
|A_14_V_d0        | out |    8|  ap_memory |    A_14_V    |     array    |
|A_14_V_q0        |  in |    8|  ap_memory |    A_14_V    |     array    |
|A_14_V_we0       | out |    1|  ap_memory |    A_14_V    |     array    |
|A_14_V_address1  | out |    6|  ap_memory |    A_14_V    |     array    |
|A_14_V_ce1       | out |    1|  ap_memory |    A_14_V    |     array    |
|A_14_V_d1        | out |    8|  ap_memory |    A_14_V    |     array    |
|A_14_V_q1        |  in |    8|  ap_memory |    A_14_V    |     array    |
|A_14_V_we1       | out |    1|  ap_memory |    A_14_V    |     array    |
|A_15_V_address0  | out |    6|  ap_memory |    A_15_V    |     array    |
|A_15_V_ce0       | out |    1|  ap_memory |    A_15_V    |     array    |
|A_15_V_d0        | out |    8|  ap_memory |    A_15_V    |     array    |
|A_15_V_q0        |  in |    8|  ap_memory |    A_15_V    |     array    |
|A_15_V_we0       | out |    1|  ap_memory |    A_15_V    |     array    |
|A_15_V_address1  | out |    6|  ap_memory |    A_15_V    |     array    |
|A_15_V_ce1       | out |    1|  ap_memory |    A_15_V    |     array    |
|A_15_V_d1        | out |    8|  ap_memory |    A_15_V    |     array    |
|A_15_V_q1        |  in |    8|  ap_memory |    A_15_V    |     array    |
|A_15_V_we1       | out |    1|  ap_memory |    A_15_V    |     array    |
|A_16_V_address0  | out |    6|  ap_memory |    A_16_V    |     array    |
|A_16_V_ce0       | out |    1|  ap_memory |    A_16_V    |     array    |
|A_16_V_d0        | out |    8|  ap_memory |    A_16_V    |     array    |
|A_16_V_q0        |  in |    8|  ap_memory |    A_16_V    |     array    |
|A_16_V_we0       | out |    1|  ap_memory |    A_16_V    |     array    |
|A_16_V_address1  | out |    6|  ap_memory |    A_16_V    |     array    |
|A_16_V_ce1       | out |    1|  ap_memory |    A_16_V    |     array    |
|A_16_V_d1        | out |    8|  ap_memory |    A_16_V    |     array    |
|A_16_V_q1        |  in |    8|  ap_memory |    A_16_V    |     array    |
|A_16_V_we1       | out |    1|  ap_memory |    A_16_V    |     array    |
|A_17_V_address0  | out |    6|  ap_memory |    A_17_V    |     array    |
|A_17_V_ce0       | out |    1|  ap_memory |    A_17_V    |     array    |
|A_17_V_d0        | out |    8|  ap_memory |    A_17_V    |     array    |
|A_17_V_q0        |  in |    8|  ap_memory |    A_17_V    |     array    |
|A_17_V_we0       | out |    1|  ap_memory |    A_17_V    |     array    |
|A_17_V_address1  | out |    6|  ap_memory |    A_17_V    |     array    |
|A_17_V_ce1       | out |    1|  ap_memory |    A_17_V    |     array    |
|A_17_V_d1        | out |    8|  ap_memory |    A_17_V    |     array    |
|A_17_V_q1        |  in |    8|  ap_memory |    A_17_V    |     array    |
|A_17_V_we1       | out |    1|  ap_memory |    A_17_V    |     array    |
|A_18_V_address0  | out |    6|  ap_memory |    A_18_V    |     array    |
|A_18_V_ce0       | out |    1|  ap_memory |    A_18_V    |     array    |
|A_18_V_d0        | out |    8|  ap_memory |    A_18_V    |     array    |
|A_18_V_q0        |  in |    8|  ap_memory |    A_18_V    |     array    |
|A_18_V_we0       | out |    1|  ap_memory |    A_18_V    |     array    |
|A_18_V_address1  | out |    6|  ap_memory |    A_18_V    |     array    |
|A_18_V_ce1       | out |    1|  ap_memory |    A_18_V    |     array    |
|A_18_V_d1        | out |    8|  ap_memory |    A_18_V    |     array    |
|A_18_V_q1        |  in |    8|  ap_memory |    A_18_V    |     array    |
|A_18_V_we1       | out |    1|  ap_memory |    A_18_V    |     array    |
|A_19_V_address0  | out |    6|  ap_memory |    A_19_V    |     array    |
|A_19_V_ce0       | out |    1|  ap_memory |    A_19_V    |     array    |
|A_19_V_d0        | out |    8|  ap_memory |    A_19_V    |     array    |
|A_19_V_q0        |  in |    8|  ap_memory |    A_19_V    |     array    |
|A_19_V_we0       | out |    1|  ap_memory |    A_19_V    |     array    |
|A_19_V_address1  | out |    6|  ap_memory |    A_19_V    |     array    |
|A_19_V_ce1       | out |    1|  ap_memory |    A_19_V    |     array    |
|A_19_V_d1        | out |    8|  ap_memory |    A_19_V    |     array    |
|A_19_V_q1        |  in |    8|  ap_memory |    A_19_V    |     array    |
|A_19_V_we1       | out |    1|  ap_memory |    A_19_V    |     array    |
|A_20_V_address0  | out |    6|  ap_memory |    A_20_V    |     array    |
|A_20_V_ce0       | out |    1|  ap_memory |    A_20_V    |     array    |
|A_20_V_d0        | out |    8|  ap_memory |    A_20_V    |     array    |
|A_20_V_q0        |  in |    8|  ap_memory |    A_20_V    |     array    |
|A_20_V_we0       | out |    1|  ap_memory |    A_20_V    |     array    |
|A_20_V_address1  | out |    6|  ap_memory |    A_20_V    |     array    |
|A_20_V_ce1       | out |    1|  ap_memory |    A_20_V    |     array    |
|A_20_V_d1        | out |    8|  ap_memory |    A_20_V    |     array    |
|A_20_V_q1        |  in |    8|  ap_memory |    A_20_V    |     array    |
|A_20_V_we1       | out |    1|  ap_memory |    A_20_V    |     array    |
|A_21_V_address0  | out |    6|  ap_memory |    A_21_V    |     array    |
|A_21_V_ce0       | out |    1|  ap_memory |    A_21_V    |     array    |
|A_21_V_d0        | out |    8|  ap_memory |    A_21_V    |     array    |
|A_21_V_q0        |  in |    8|  ap_memory |    A_21_V    |     array    |
|A_21_V_we0       | out |    1|  ap_memory |    A_21_V    |     array    |
|A_21_V_address1  | out |    6|  ap_memory |    A_21_V    |     array    |
|A_21_V_ce1       | out |    1|  ap_memory |    A_21_V    |     array    |
|A_21_V_d1        | out |    8|  ap_memory |    A_21_V    |     array    |
|A_21_V_q1        |  in |    8|  ap_memory |    A_21_V    |     array    |
|A_21_V_we1       | out |    1|  ap_memory |    A_21_V    |     array    |
|A_22_V_address0  | out |    6|  ap_memory |    A_22_V    |     array    |
|A_22_V_ce0       | out |    1|  ap_memory |    A_22_V    |     array    |
|A_22_V_d0        | out |    8|  ap_memory |    A_22_V    |     array    |
|A_22_V_q0        |  in |    8|  ap_memory |    A_22_V    |     array    |
|A_22_V_we0       | out |    1|  ap_memory |    A_22_V    |     array    |
|A_22_V_address1  | out |    6|  ap_memory |    A_22_V    |     array    |
|A_22_V_ce1       | out |    1|  ap_memory |    A_22_V    |     array    |
|A_22_V_d1        | out |    8|  ap_memory |    A_22_V    |     array    |
|A_22_V_q1        |  in |    8|  ap_memory |    A_22_V    |     array    |
|A_22_V_we1       | out |    1|  ap_memory |    A_22_V    |     array    |
|A_23_V_address0  | out |    6|  ap_memory |    A_23_V    |     array    |
|A_23_V_ce0       | out |    1|  ap_memory |    A_23_V    |     array    |
|A_23_V_d0        | out |    8|  ap_memory |    A_23_V    |     array    |
|A_23_V_q0        |  in |    8|  ap_memory |    A_23_V    |     array    |
|A_23_V_we0       | out |    1|  ap_memory |    A_23_V    |     array    |
|A_23_V_address1  | out |    6|  ap_memory |    A_23_V    |     array    |
|A_23_V_ce1       | out |    1|  ap_memory |    A_23_V    |     array    |
|A_23_V_d1        | out |    8|  ap_memory |    A_23_V    |     array    |
|A_23_V_q1        |  in |    8|  ap_memory |    A_23_V    |     array    |
|A_23_V_we1       | out |    1|  ap_memory |    A_23_V    |     array    |
|A_24_V_address0  | out |    6|  ap_memory |    A_24_V    |     array    |
|A_24_V_ce0       | out |    1|  ap_memory |    A_24_V    |     array    |
|A_24_V_d0        | out |    8|  ap_memory |    A_24_V    |     array    |
|A_24_V_q0        |  in |    8|  ap_memory |    A_24_V    |     array    |
|A_24_V_we0       | out |    1|  ap_memory |    A_24_V    |     array    |
|A_24_V_address1  | out |    6|  ap_memory |    A_24_V    |     array    |
|A_24_V_ce1       | out |    1|  ap_memory |    A_24_V    |     array    |
|A_24_V_d1        | out |    8|  ap_memory |    A_24_V    |     array    |
|A_24_V_q1        |  in |    8|  ap_memory |    A_24_V    |     array    |
|A_24_V_we1       | out |    1|  ap_memory |    A_24_V    |     array    |
|A_25_V_address0  | out |    6|  ap_memory |    A_25_V    |     array    |
|A_25_V_ce0       | out |    1|  ap_memory |    A_25_V    |     array    |
|A_25_V_d0        | out |    8|  ap_memory |    A_25_V    |     array    |
|A_25_V_q0        |  in |    8|  ap_memory |    A_25_V    |     array    |
|A_25_V_we0       | out |    1|  ap_memory |    A_25_V    |     array    |
|A_25_V_address1  | out |    6|  ap_memory |    A_25_V    |     array    |
|A_25_V_ce1       | out |    1|  ap_memory |    A_25_V    |     array    |
|A_25_V_d1        | out |    8|  ap_memory |    A_25_V    |     array    |
|A_25_V_q1        |  in |    8|  ap_memory |    A_25_V    |     array    |
|A_25_V_we1       | out |    1|  ap_memory |    A_25_V    |     array    |
|A_26_V_address0  | out |    6|  ap_memory |    A_26_V    |     array    |
|A_26_V_ce0       | out |    1|  ap_memory |    A_26_V    |     array    |
|A_26_V_d0        | out |    8|  ap_memory |    A_26_V    |     array    |
|A_26_V_q0        |  in |    8|  ap_memory |    A_26_V    |     array    |
|A_26_V_we0       | out |    1|  ap_memory |    A_26_V    |     array    |
|A_26_V_address1  | out |    6|  ap_memory |    A_26_V    |     array    |
|A_26_V_ce1       | out |    1|  ap_memory |    A_26_V    |     array    |
|A_26_V_d1        | out |    8|  ap_memory |    A_26_V    |     array    |
|A_26_V_q1        |  in |    8|  ap_memory |    A_26_V    |     array    |
|A_26_V_we1       | out |    1|  ap_memory |    A_26_V    |     array    |
|A_27_V_address0  | out |    6|  ap_memory |    A_27_V    |     array    |
|A_27_V_ce0       | out |    1|  ap_memory |    A_27_V    |     array    |
|A_27_V_d0        | out |    8|  ap_memory |    A_27_V    |     array    |
|A_27_V_q0        |  in |    8|  ap_memory |    A_27_V    |     array    |
|A_27_V_we0       | out |    1|  ap_memory |    A_27_V    |     array    |
|A_27_V_address1  | out |    6|  ap_memory |    A_27_V    |     array    |
|A_27_V_ce1       | out |    1|  ap_memory |    A_27_V    |     array    |
|A_27_V_d1        | out |    8|  ap_memory |    A_27_V    |     array    |
|A_27_V_q1        |  in |    8|  ap_memory |    A_27_V    |     array    |
|A_27_V_we1       | out |    1|  ap_memory |    A_27_V    |     array    |
|A_28_V_address0  | out |    6|  ap_memory |    A_28_V    |     array    |
|A_28_V_ce0       | out |    1|  ap_memory |    A_28_V    |     array    |
|A_28_V_d0        | out |    8|  ap_memory |    A_28_V    |     array    |
|A_28_V_q0        |  in |    8|  ap_memory |    A_28_V    |     array    |
|A_28_V_we0       | out |    1|  ap_memory |    A_28_V    |     array    |
|A_28_V_address1  | out |    6|  ap_memory |    A_28_V    |     array    |
|A_28_V_ce1       | out |    1|  ap_memory |    A_28_V    |     array    |
|A_28_V_d1        | out |    8|  ap_memory |    A_28_V    |     array    |
|A_28_V_q1        |  in |    8|  ap_memory |    A_28_V    |     array    |
|A_28_V_we1       | out |    1|  ap_memory |    A_28_V    |     array    |
|A_29_V_address0  | out |    6|  ap_memory |    A_29_V    |     array    |
|A_29_V_ce0       | out |    1|  ap_memory |    A_29_V    |     array    |
|A_29_V_d0        | out |    8|  ap_memory |    A_29_V    |     array    |
|A_29_V_q0        |  in |    8|  ap_memory |    A_29_V    |     array    |
|A_29_V_we0       | out |    1|  ap_memory |    A_29_V    |     array    |
|A_29_V_address1  | out |    6|  ap_memory |    A_29_V    |     array    |
|A_29_V_ce1       | out |    1|  ap_memory |    A_29_V    |     array    |
|A_29_V_d1        | out |    8|  ap_memory |    A_29_V    |     array    |
|A_29_V_q1        |  in |    8|  ap_memory |    A_29_V    |     array    |
|A_29_V_we1       | out |    1|  ap_memory |    A_29_V    |     array    |
|A_30_V_address0  | out |    6|  ap_memory |    A_30_V    |     array    |
|A_30_V_ce0       | out |    1|  ap_memory |    A_30_V    |     array    |
|A_30_V_d0        | out |    8|  ap_memory |    A_30_V    |     array    |
|A_30_V_q0        |  in |    8|  ap_memory |    A_30_V    |     array    |
|A_30_V_we0       | out |    1|  ap_memory |    A_30_V    |     array    |
|A_30_V_address1  | out |    6|  ap_memory |    A_30_V    |     array    |
|A_30_V_ce1       | out |    1|  ap_memory |    A_30_V    |     array    |
|A_30_V_d1        | out |    8|  ap_memory |    A_30_V    |     array    |
|A_30_V_q1        |  in |    8|  ap_memory |    A_30_V    |     array    |
|A_30_V_we1       | out |    1|  ap_memory |    A_30_V    |     array    |
|A_31_V_address0  | out |    6|  ap_memory |    A_31_V    |     array    |
|A_31_V_ce0       | out |    1|  ap_memory |    A_31_V    |     array    |
|A_31_V_d0        | out |    8|  ap_memory |    A_31_V    |     array    |
|A_31_V_q0        |  in |    8|  ap_memory |    A_31_V    |     array    |
|A_31_V_we0       | out |    1|  ap_memory |    A_31_V    |     array    |
|A_31_V_address1  | out |    6|  ap_memory |    A_31_V    |     array    |
|A_31_V_ce1       | out |    1|  ap_memory |    A_31_V    |     array    |
|A_31_V_d1        | out |    8|  ap_memory |    A_31_V    |     array    |
|A_31_V_q1        |  in |    8|  ap_memory |    A_31_V    |     array    |
|A_31_V_we1       | out |    1|  ap_memory |    A_31_V    |     array    |
|A_32_V_address0  | out |    6|  ap_memory |    A_32_V    |     array    |
|A_32_V_ce0       | out |    1|  ap_memory |    A_32_V    |     array    |
|A_32_V_d0        | out |    8|  ap_memory |    A_32_V    |     array    |
|A_32_V_q0        |  in |    8|  ap_memory |    A_32_V    |     array    |
|A_32_V_we0       | out |    1|  ap_memory |    A_32_V    |     array    |
|A_32_V_address1  | out |    6|  ap_memory |    A_32_V    |     array    |
|A_32_V_ce1       | out |    1|  ap_memory |    A_32_V    |     array    |
|A_32_V_d1        | out |    8|  ap_memory |    A_32_V    |     array    |
|A_32_V_q1        |  in |    8|  ap_memory |    A_32_V    |     array    |
|A_32_V_we1       | out |    1|  ap_memory |    A_32_V    |     array    |
|A_33_V_address0  | out |    6|  ap_memory |    A_33_V    |     array    |
|A_33_V_ce0       | out |    1|  ap_memory |    A_33_V    |     array    |
|A_33_V_d0        | out |    8|  ap_memory |    A_33_V    |     array    |
|A_33_V_q0        |  in |    8|  ap_memory |    A_33_V    |     array    |
|A_33_V_we0       | out |    1|  ap_memory |    A_33_V    |     array    |
|A_33_V_address1  | out |    6|  ap_memory |    A_33_V    |     array    |
|A_33_V_ce1       | out |    1|  ap_memory |    A_33_V    |     array    |
|A_33_V_d1        | out |    8|  ap_memory |    A_33_V    |     array    |
|A_33_V_q1        |  in |    8|  ap_memory |    A_33_V    |     array    |
|A_33_V_we1       | out |    1|  ap_memory |    A_33_V    |     array    |
|A_34_V_address0  | out |    6|  ap_memory |    A_34_V    |     array    |
|A_34_V_ce0       | out |    1|  ap_memory |    A_34_V    |     array    |
|A_34_V_d0        | out |    8|  ap_memory |    A_34_V    |     array    |
|A_34_V_q0        |  in |    8|  ap_memory |    A_34_V    |     array    |
|A_34_V_we0       | out |    1|  ap_memory |    A_34_V    |     array    |
|A_34_V_address1  | out |    6|  ap_memory |    A_34_V    |     array    |
|A_34_V_ce1       | out |    1|  ap_memory |    A_34_V    |     array    |
|A_34_V_d1        | out |    8|  ap_memory |    A_34_V    |     array    |
|A_34_V_q1        |  in |    8|  ap_memory |    A_34_V    |     array    |
|A_34_V_we1       | out |    1|  ap_memory |    A_34_V    |     array    |
|A_35_V_address0  | out |    6|  ap_memory |    A_35_V    |     array    |
|A_35_V_ce0       | out |    1|  ap_memory |    A_35_V    |     array    |
|A_35_V_d0        | out |    8|  ap_memory |    A_35_V    |     array    |
|A_35_V_q0        |  in |    8|  ap_memory |    A_35_V    |     array    |
|A_35_V_we0       | out |    1|  ap_memory |    A_35_V    |     array    |
|A_35_V_address1  | out |    6|  ap_memory |    A_35_V    |     array    |
|A_35_V_ce1       | out |    1|  ap_memory |    A_35_V    |     array    |
|A_35_V_d1        | out |    8|  ap_memory |    A_35_V    |     array    |
|A_35_V_q1        |  in |    8|  ap_memory |    A_35_V    |     array    |
|A_35_V_we1       | out |    1|  ap_memory |    A_35_V    |     array    |
|A_36_V_address0  | out |    6|  ap_memory |    A_36_V    |     array    |
|A_36_V_ce0       | out |    1|  ap_memory |    A_36_V    |     array    |
|A_36_V_d0        | out |    8|  ap_memory |    A_36_V    |     array    |
|A_36_V_q0        |  in |    8|  ap_memory |    A_36_V    |     array    |
|A_36_V_we0       | out |    1|  ap_memory |    A_36_V    |     array    |
|A_36_V_address1  | out |    6|  ap_memory |    A_36_V    |     array    |
|A_36_V_ce1       | out |    1|  ap_memory |    A_36_V    |     array    |
|A_36_V_d1        | out |    8|  ap_memory |    A_36_V    |     array    |
|A_36_V_q1        |  in |    8|  ap_memory |    A_36_V    |     array    |
|A_36_V_we1       | out |    1|  ap_memory |    A_36_V    |     array    |
|A_37_V_address0  | out |    6|  ap_memory |    A_37_V    |     array    |
|A_37_V_ce0       | out |    1|  ap_memory |    A_37_V    |     array    |
|A_37_V_d0        | out |    8|  ap_memory |    A_37_V    |     array    |
|A_37_V_q0        |  in |    8|  ap_memory |    A_37_V    |     array    |
|A_37_V_we0       | out |    1|  ap_memory |    A_37_V    |     array    |
|A_37_V_address1  | out |    6|  ap_memory |    A_37_V    |     array    |
|A_37_V_ce1       | out |    1|  ap_memory |    A_37_V    |     array    |
|A_37_V_d1        | out |    8|  ap_memory |    A_37_V    |     array    |
|A_37_V_q1        |  in |    8|  ap_memory |    A_37_V    |     array    |
|A_37_V_we1       | out |    1|  ap_memory |    A_37_V    |     array    |
|A_38_V_address0  | out |    6|  ap_memory |    A_38_V    |     array    |
|A_38_V_ce0       | out |    1|  ap_memory |    A_38_V    |     array    |
|A_38_V_d0        | out |    8|  ap_memory |    A_38_V    |     array    |
|A_38_V_q0        |  in |    8|  ap_memory |    A_38_V    |     array    |
|A_38_V_we0       | out |    1|  ap_memory |    A_38_V    |     array    |
|A_38_V_address1  | out |    6|  ap_memory |    A_38_V    |     array    |
|A_38_V_ce1       | out |    1|  ap_memory |    A_38_V    |     array    |
|A_38_V_d1        | out |    8|  ap_memory |    A_38_V    |     array    |
|A_38_V_q1        |  in |    8|  ap_memory |    A_38_V    |     array    |
|A_38_V_we1       | out |    1|  ap_memory |    A_38_V    |     array    |
|A_39_V_address0  | out |    6|  ap_memory |    A_39_V    |     array    |
|A_39_V_ce0       | out |    1|  ap_memory |    A_39_V    |     array    |
|A_39_V_d0        | out |    8|  ap_memory |    A_39_V    |     array    |
|A_39_V_q0        |  in |    8|  ap_memory |    A_39_V    |     array    |
|A_39_V_we0       | out |    1|  ap_memory |    A_39_V    |     array    |
|A_39_V_address1  | out |    6|  ap_memory |    A_39_V    |     array    |
|A_39_V_ce1       | out |    1|  ap_memory |    A_39_V    |     array    |
|A_39_V_d1        | out |    8|  ap_memory |    A_39_V    |     array    |
|A_39_V_q1        |  in |    8|  ap_memory |    A_39_V    |     array    |
|A_39_V_we1       | out |    1|  ap_memory |    A_39_V    |     array    |
|A_40_V_address0  | out |    6|  ap_memory |    A_40_V    |     array    |
|A_40_V_ce0       | out |    1|  ap_memory |    A_40_V    |     array    |
|A_40_V_d0        | out |    8|  ap_memory |    A_40_V    |     array    |
|A_40_V_q0        |  in |    8|  ap_memory |    A_40_V    |     array    |
|A_40_V_we0       | out |    1|  ap_memory |    A_40_V    |     array    |
|A_40_V_address1  | out |    6|  ap_memory |    A_40_V    |     array    |
|A_40_V_ce1       | out |    1|  ap_memory |    A_40_V    |     array    |
|A_40_V_d1        | out |    8|  ap_memory |    A_40_V    |     array    |
|A_40_V_q1        |  in |    8|  ap_memory |    A_40_V    |     array    |
|A_40_V_we1       | out |    1|  ap_memory |    A_40_V    |     array    |
|A_41_V_address0  | out |    6|  ap_memory |    A_41_V    |     array    |
|A_41_V_ce0       | out |    1|  ap_memory |    A_41_V    |     array    |
|A_41_V_d0        | out |    8|  ap_memory |    A_41_V    |     array    |
|A_41_V_q0        |  in |    8|  ap_memory |    A_41_V    |     array    |
|A_41_V_we0       | out |    1|  ap_memory |    A_41_V    |     array    |
|A_41_V_address1  | out |    6|  ap_memory |    A_41_V    |     array    |
|A_41_V_ce1       | out |    1|  ap_memory |    A_41_V    |     array    |
|A_41_V_d1        | out |    8|  ap_memory |    A_41_V    |     array    |
|A_41_V_q1        |  in |    8|  ap_memory |    A_41_V    |     array    |
|A_41_V_we1       | out |    1|  ap_memory |    A_41_V    |     array    |
|A_42_V_address0  | out |    6|  ap_memory |    A_42_V    |     array    |
|A_42_V_ce0       | out |    1|  ap_memory |    A_42_V    |     array    |
|A_42_V_d0        | out |    8|  ap_memory |    A_42_V    |     array    |
|A_42_V_q0        |  in |    8|  ap_memory |    A_42_V    |     array    |
|A_42_V_we0       | out |    1|  ap_memory |    A_42_V    |     array    |
|A_42_V_address1  | out |    6|  ap_memory |    A_42_V    |     array    |
|A_42_V_ce1       | out |    1|  ap_memory |    A_42_V    |     array    |
|A_42_V_d1        | out |    8|  ap_memory |    A_42_V    |     array    |
|A_42_V_q1        |  in |    8|  ap_memory |    A_42_V    |     array    |
|A_42_V_we1       | out |    1|  ap_memory |    A_42_V    |     array    |
|A_43_V_address0  | out |    6|  ap_memory |    A_43_V    |     array    |
|A_43_V_ce0       | out |    1|  ap_memory |    A_43_V    |     array    |
|A_43_V_d0        | out |    8|  ap_memory |    A_43_V    |     array    |
|A_43_V_q0        |  in |    8|  ap_memory |    A_43_V    |     array    |
|A_43_V_we0       | out |    1|  ap_memory |    A_43_V    |     array    |
|A_43_V_address1  | out |    6|  ap_memory |    A_43_V    |     array    |
|A_43_V_ce1       | out |    1|  ap_memory |    A_43_V    |     array    |
|A_43_V_d1        | out |    8|  ap_memory |    A_43_V    |     array    |
|A_43_V_q1        |  in |    8|  ap_memory |    A_43_V    |     array    |
|A_43_V_we1       | out |    1|  ap_memory |    A_43_V    |     array    |
|A_44_V_address0  | out |    6|  ap_memory |    A_44_V    |     array    |
|A_44_V_ce0       | out |    1|  ap_memory |    A_44_V    |     array    |
|A_44_V_d0        | out |    8|  ap_memory |    A_44_V    |     array    |
|A_44_V_q0        |  in |    8|  ap_memory |    A_44_V    |     array    |
|A_44_V_we0       | out |    1|  ap_memory |    A_44_V    |     array    |
|A_44_V_address1  | out |    6|  ap_memory |    A_44_V    |     array    |
|A_44_V_ce1       | out |    1|  ap_memory |    A_44_V    |     array    |
|A_44_V_d1        | out |    8|  ap_memory |    A_44_V    |     array    |
|A_44_V_q1        |  in |    8|  ap_memory |    A_44_V    |     array    |
|A_44_V_we1       | out |    1|  ap_memory |    A_44_V    |     array    |
|A_45_V_address0  | out |    6|  ap_memory |    A_45_V    |     array    |
|A_45_V_ce0       | out |    1|  ap_memory |    A_45_V    |     array    |
|A_45_V_d0        | out |    8|  ap_memory |    A_45_V    |     array    |
|A_45_V_q0        |  in |    8|  ap_memory |    A_45_V    |     array    |
|A_45_V_we0       | out |    1|  ap_memory |    A_45_V    |     array    |
|A_45_V_address1  | out |    6|  ap_memory |    A_45_V    |     array    |
|A_45_V_ce1       | out |    1|  ap_memory |    A_45_V    |     array    |
|A_45_V_d1        | out |    8|  ap_memory |    A_45_V    |     array    |
|A_45_V_q1        |  in |    8|  ap_memory |    A_45_V    |     array    |
|A_45_V_we1       | out |    1|  ap_memory |    A_45_V    |     array    |
|A_46_V_address0  | out |    6|  ap_memory |    A_46_V    |     array    |
|A_46_V_ce0       | out |    1|  ap_memory |    A_46_V    |     array    |
|A_46_V_d0        | out |    8|  ap_memory |    A_46_V    |     array    |
|A_46_V_q0        |  in |    8|  ap_memory |    A_46_V    |     array    |
|A_46_V_we0       | out |    1|  ap_memory |    A_46_V    |     array    |
|A_46_V_address1  | out |    6|  ap_memory |    A_46_V    |     array    |
|A_46_V_ce1       | out |    1|  ap_memory |    A_46_V    |     array    |
|A_46_V_d1        | out |    8|  ap_memory |    A_46_V    |     array    |
|A_46_V_q1        |  in |    8|  ap_memory |    A_46_V    |     array    |
|A_46_V_we1       | out |    1|  ap_memory |    A_46_V    |     array    |
|A_47_V_address0  | out |    6|  ap_memory |    A_47_V    |     array    |
|A_47_V_ce0       | out |    1|  ap_memory |    A_47_V    |     array    |
|A_47_V_d0        | out |    8|  ap_memory |    A_47_V    |     array    |
|A_47_V_q0        |  in |    8|  ap_memory |    A_47_V    |     array    |
|A_47_V_we0       | out |    1|  ap_memory |    A_47_V    |     array    |
|A_47_V_address1  | out |    6|  ap_memory |    A_47_V    |     array    |
|A_47_V_ce1       | out |    1|  ap_memory |    A_47_V    |     array    |
|A_47_V_d1        | out |    8|  ap_memory |    A_47_V    |     array    |
|A_47_V_q1        |  in |    8|  ap_memory |    A_47_V    |     array    |
|A_47_V_we1       | out |    1|  ap_memory |    A_47_V    |     array    |
|A_48_V_address0  | out |    6|  ap_memory |    A_48_V    |     array    |
|A_48_V_ce0       | out |    1|  ap_memory |    A_48_V    |     array    |
|A_48_V_d0        | out |    8|  ap_memory |    A_48_V    |     array    |
|A_48_V_q0        |  in |    8|  ap_memory |    A_48_V    |     array    |
|A_48_V_we0       | out |    1|  ap_memory |    A_48_V    |     array    |
|A_48_V_address1  | out |    6|  ap_memory |    A_48_V    |     array    |
|A_48_V_ce1       | out |    1|  ap_memory |    A_48_V    |     array    |
|A_48_V_d1        | out |    8|  ap_memory |    A_48_V    |     array    |
|A_48_V_q1        |  in |    8|  ap_memory |    A_48_V    |     array    |
|A_48_V_we1       | out |    1|  ap_memory |    A_48_V    |     array    |
|A_49_V_address0  | out |    6|  ap_memory |    A_49_V    |     array    |
|A_49_V_ce0       | out |    1|  ap_memory |    A_49_V    |     array    |
|A_49_V_d0        | out |    8|  ap_memory |    A_49_V    |     array    |
|A_49_V_q0        |  in |    8|  ap_memory |    A_49_V    |     array    |
|A_49_V_we0       | out |    1|  ap_memory |    A_49_V    |     array    |
|A_49_V_address1  | out |    6|  ap_memory |    A_49_V    |     array    |
|A_49_V_ce1       | out |    1|  ap_memory |    A_49_V    |     array    |
|A_49_V_d1        | out |    8|  ap_memory |    A_49_V    |     array    |
|A_49_V_q1        |  in |    8|  ap_memory |    A_49_V    |     array    |
|A_49_V_we1       | out |    1|  ap_memory |    A_49_V    |     array    |
|A_50_V_address0  | out |    6|  ap_memory |    A_50_V    |     array    |
|A_50_V_ce0       | out |    1|  ap_memory |    A_50_V    |     array    |
|A_50_V_d0        | out |    8|  ap_memory |    A_50_V    |     array    |
|A_50_V_q0        |  in |    8|  ap_memory |    A_50_V    |     array    |
|A_50_V_we0       | out |    1|  ap_memory |    A_50_V    |     array    |
|A_50_V_address1  | out |    6|  ap_memory |    A_50_V    |     array    |
|A_50_V_ce1       | out |    1|  ap_memory |    A_50_V    |     array    |
|A_50_V_d1        | out |    8|  ap_memory |    A_50_V    |     array    |
|A_50_V_q1        |  in |    8|  ap_memory |    A_50_V    |     array    |
|A_50_V_we1       | out |    1|  ap_memory |    A_50_V    |     array    |
|A_51_V_address0  | out |    6|  ap_memory |    A_51_V    |     array    |
|A_51_V_ce0       | out |    1|  ap_memory |    A_51_V    |     array    |
|A_51_V_d0        | out |    8|  ap_memory |    A_51_V    |     array    |
|A_51_V_q0        |  in |    8|  ap_memory |    A_51_V    |     array    |
|A_51_V_we0       | out |    1|  ap_memory |    A_51_V    |     array    |
|A_51_V_address1  | out |    6|  ap_memory |    A_51_V    |     array    |
|A_51_V_ce1       | out |    1|  ap_memory |    A_51_V    |     array    |
|A_51_V_d1        | out |    8|  ap_memory |    A_51_V    |     array    |
|A_51_V_q1        |  in |    8|  ap_memory |    A_51_V    |     array    |
|A_51_V_we1       | out |    1|  ap_memory |    A_51_V    |     array    |
|A_52_V_address0  | out |    6|  ap_memory |    A_52_V    |     array    |
|A_52_V_ce0       | out |    1|  ap_memory |    A_52_V    |     array    |
|A_52_V_d0        | out |    8|  ap_memory |    A_52_V    |     array    |
|A_52_V_q0        |  in |    8|  ap_memory |    A_52_V    |     array    |
|A_52_V_we0       | out |    1|  ap_memory |    A_52_V    |     array    |
|A_52_V_address1  | out |    6|  ap_memory |    A_52_V    |     array    |
|A_52_V_ce1       | out |    1|  ap_memory |    A_52_V    |     array    |
|A_52_V_d1        | out |    8|  ap_memory |    A_52_V    |     array    |
|A_52_V_q1        |  in |    8|  ap_memory |    A_52_V    |     array    |
|A_52_V_we1       | out |    1|  ap_memory |    A_52_V    |     array    |
|A_53_V_address0  | out |    6|  ap_memory |    A_53_V    |     array    |
|A_53_V_ce0       | out |    1|  ap_memory |    A_53_V    |     array    |
|A_53_V_d0        | out |    8|  ap_memory |    A_53_V    |     array    |
|A_53_V_q0        |  in |    8|  ap_memory |    A_53_V    |     array    |
|A_53_V_we0       | out |    1|  ap_memory |    A_53_V    |     array    |
|A_53_V_address1  | out |    6|  ap_memory |    A_53_V    |     array    |
|A_53_V_ce1       | out |    1|  ap_memory |    A_53_V    |     array    |
|A_53_V_d1        | out |    8|  ap_memory |    A_53_V    |     array    |
|A_53_V_q1        |  in |    8|  ap_memory |    A_53_V    |     array    |
|A_53_V_we1       | out |    1|  ap_memory |    A_53_V    |     array    |
|A_54_V_address0  | out |    6|  ap_memory |    A_54_V    |     array    |
|A_54_V_ce0       | out |    1|  ap_memory |    A_54_V    |     array    |
|A_54_V_d0        | out |    8|  ap_memory |    A_54_V    |     array    |
|A_54_V_q0        |  in |    8|  ap_memory |    A_54_V    |     array    |
|A_54_V_we0       | out |    1|  ap_memory |    A_54_V    |     array    |
|A_54_V_address1  | out |    6|  ap_memory |    A_54_V    |     array    |
|A_54_V_ce1       | out |    1|  ap_memory |    A_54_V    |     array    |
|A_54_V_d1        | out |    8|  ap_memory |    A_54_V    |     array    |
|A_54_V_q1        |  in |    8|  ap_memory |    A_54_V    |     array    |
|A_54_V_we1       | out |    1|  ap_memory |    A_54_V    |     array    |
|A_55_V_address0  | out |    6|  ap_memory |    A_55_V    |     array    |
|A_55_V_ce0       | out |    1|  ap_memory |    A_55_V    |     array    |
|A_55_V_d0        | out |    8|  ap_memory |    A_55_V    |     array    |
|A_55_V_q0        |  in |    8|  ap_memory |    A_55_V    |     array    |
|A_55_V_we0       | out |    1|  ap_memory |    A_55_V    |     array    |
|A_55_V_address1  | out |    6|  ap_memory |    A_55_V    |     array    |
|A_55_V_ce1       | out |    1|  ap_memory |    A_55_V    |     array    |
|A_55_V_d1        | out |    8|  ap_memory |    A_55_V    |     array    |
|A_55_V_q1        |  in |    8|  ap_memory |    A_55_V    |     array    |
|A_55_V_we1       | out |    1|  ap_memory |    A_55_V    |     array    |
|A_56_V_address0  | out |    6|  ap_memory |    A_56_V    |     array    |
|A_56_V_ce0       | out |    1|  ap_memory |    A_56_V    |     array    |
|A_56_V_d0        | out |    8|  ap_memory |    A_56_V    |     array    |
|A_56_V_q0        |  in |    8|  ap_memory |    A_56_V    |     array    |
|A_56_V_we0       | out |    1|  ap_memory |    A_56_V    |     array    |
|A_56_V_address1  | out |    6|  ap_memory |    A_56_V    |     array    |
|A_56_V_ce1       | out |    1|  ap_memory |    A_56_V    |     array    |
|A_56_V_d1        | out |    8|  ap_memory |    A_56_V    |     array    |
|A_56_V_q1        |  in |    8|  ap_memory |    A_56_V    |     array    |
|A_56_V_we1       | out |    1|  ap_memory |    A_56_V    |     array    |
|A_57_V_address0  | out |    6|  ap_memory |    A_57_V    |     array    |
|A_57_V_ce0       | out |    1|  ap_memory |    A_57_V    |     array    |
|A_57_V_d0        | out |    8|  ap_memory |    A_57_V    |     array    |
|A_57_V_q0        |  in |    8|  ap_memory |    A_57_V    |     array    |
|A_57_V_we0       | out |    1|  ap_memory |    A_57_V    |     array    |
|A_57_V_address1  | out |    6|  ap_memory |    A_57_V    |     array    |
|A_57_V_ce1       | out |    1|  ap_memory |    A_57_V    |     array    |
|A_57_V_d1        | out |    8|  ap_memory |    A_57_V    |     array    |
|A_57_V_q1        |  in |    8|  ap_memory |    A_57_V    |     array    |
|A_57_V_we1       | out |    1|  ap_memory |    A_57_V    |     array    |
|A_58_V_address0  | out |    6|  ap_memory |    A_58_V    |     array    |
|A_58_V_ce0       | out |    1|  ap_memory |    A_58_V    |     array    |
|A_58_V_d0        | out |    8|  ap_memory |    A_58_V    |     array    |
|A_58_V_q0        |  in |    8|  ap_memory |    A_58_V    |     array    |
|A_58_V_we0       | out |    1|  ap_memory |    A_58_V    |     array    |
|A_58_V_address1  | out |    6|  ap_memory |    A_58_V    |     array    |
|A_58_V_ce1       | out |    1|  ap_memory |    A_58_V    |     array    |
|A_58_V_d1        | out |    8|  ap_memory |    A_58_V    |     array    |
|A_58_V_q1        |  in |    8|  ap_memory |    A_58_V    |     array    |
|A_58_V_we1       | out |    1|  ap_memory |    A_58_V    |     array    |
|A_59_V_address0  | out |    6|  ap_memory |    A_59_V    |     array    |
|A_59_V_ce0       | out |    1|  ap_memory |    A_59_V    |     array    |
|A_59_V_d0        | out |    8|  ap_memory |    A_59_V    |     array    |
|A_59_V_q0        |  in |    8|  ap_memory |    A_59_V    |     array    |
|A_59_V_we0       | out |    1|  ap_memory |    A_59_V    |     array    |
|A_59_V_address1  | out |    6|  ap_memory |    A_59_V    |     array    |
|A_59_V_ce1       | out |    1|  ap_memory |    A_59_V    |     array    |
|A_59_V_d1        | out |    8|  ap_memory |    A_59_V    |     array    |
|A_59_V_q1        |  in |    8|  ap_memory |    A_59_V    |     array    |
|A_59_V_we1       | out |    1|  ap_memory |    A_59_V    |     array    |
|A_60_V_address0  | out |    6|  ap_memory |    A_60_V    |     array    |
|A_60_V_ce0       | out |    1|  ap_memory |    A_60_V    |     array    |
|A_60_V_d0        | out |    8|  ap_memory |    A_60_V    |     array    |
|A_60_V_q0        |  in |    8|  ap_memory |    A_60_V    |     array    |
|A_60_V_we0       | out |    1|  ap_memory |    A_60_V    |     array    |
|A_60_V_address1  | out |    6|  ap_memory |    A_60_V    |     array    |
|A_60_V_ce1       | out |    1|  ap_memory |    A_60_V    |     array    |
|A_60_V_d1        | out |    8|  ap_memory |    A_60_V    |     array    |
|A_60_V_q1        |  in |    8|  ap_memory |    A_60_V    |     array    |
|A_60_V_we1       | out |    1|  ap_memory |    A_60_V    |     array    |
|A_61_V_address0  | out |    6|  ap_memory |    A_61_V    |     array    |
|A_61_V_ce0       | out |    1|  ap_memory |    A_61_V    |     array    |
|A_61_V_d0        | out |    8|  ap_memory |    A_61_V    |     array    |
|A_61_V_q0        |  in |    8|  ap_memory |    A_61_V    |     array    |
|A_61_V_we0       | out |    1|  ap_memory |    A_61_V    |     array    |
|A_61_V_address1  | out |    6|  ap_memory |    A_61_V    |     array    |
|A_61_V_ce1       | out |    1|  ap_memory |    A_61_V    |     array    |
|A_61_V_d1        | out |    8|  ap_memory |    A_61_V    |     array    |
|A_61_V_q1        |  in |    8|  ap_memory |    A_61_V    |     array    |
|A_61_V_we1       | out |    1|  ap_memory |    A_61_V    |     array    |
|A_62_V_address0  | out |    6|  ap_memory |    A_62_V    |     array    |
|A_62_V_ce0       | out |    1|  ap_memory |    A_62_V    |     array    |
|A_62_V_d0        | out |    8|  ap_memory |    A_62_V    |     array    |
|A_62_V_q0        |  in |    8|  ap_memory |    A_62_V    |     array    |
|A_62_V_we0       | out |    1|  ap_memory |    A_62_V    |     array    |
|A_62_V_address1  | out |    6|  ap_memory |    A_62_V    |     array    |
|A_62_V_ce1       | out |    1|  ap_memory |    A_62_V    |     array    |
|A_62_V_d1        | out |    8|  ap_memory |    A_62_V    |     array    |
|A_62_V_q1        |  in |    8|  ap_memory |    A_62_V    |     array    |
|A_62_V_we1       | out |    1|  ap_memory |    A_62_V    |     array    |
|A_63_V_address0  | out |    6|  ap_memory |    A_63_V    |     array    |
|A_63_V_ce0       | out |    1|  ap_memory |    A_63_V    |     array    |
|A_63_V_d0        | out |    8|  ap_memory |    A_63_V    |     array    |
|A_63_V_q0        |  in |    8|  ap_memory |    A_63_V    |     array    |
|A_63_V_we0       | out |    1|  ap_memory |    A_63_V    |     array    |
|A_63_V_address1  | out |    6|  ap_memory |    A_63_V    |     array    |
|A_63_V_ce1       | out |    1|  ap_memory |    A_63_V    |     array    |
|A_63_V_d1        | out |    8|  ap_memory |    A_63_V    |     array    |
|A_63_V_q1        |  in |    8|  ap_memory |    A_63_V    |     array    |
|A_63_V_we1       | out |    1|  ap_memory |    A_63_V    |     array    |
|B_0_V            |  in |   13|   ap_none  |     B_0_V    |    pointer   |
|B_1_V            |  in |   13|   ap_none  |     B_1_V    |    pointer   |
|B_2_V            |  in |   13|   ap_none  |     B_2_V    |    pointer   |
|B_3_V            |  in |   13|   ap_none  |     B_3_V    |    pointer   |
|B_4_V            |  in |   13|   ap_none  |     B_4_V    |    pointer   |
|B_5_V            |  in |   13|   ap_none  |     B_5_V    |    pointer   |
|B_6_V            |  in |   13|   ap_none  |     B_6_V    |    pointer   |
|B_7_V            |  in |   13|   ap_none  |     B_7_V    |    pointer   |
|B_8_V            |  in |   13|   ap_none  |     B_8_V    |    pointer   |
|B_9_V            |  in |   13|   ap_none  |     B_9_V    |    pointer   |
|B_10_V           |  in |   13|   ap_none  |    B_10_V    |    pointer   |
|B_11_V           |  in |   13|   ap_none  |    B_11_V    |    pointer   |
|B_12_V           |  in |   13|   ap_none  |    B_12_V    |    pointer   |
|B_13_V           |  in |   13|   ap_none  |    B_13_V    |    pointer   |
|B_14_V           |  in |   13|   ap_none  |    B_14_V    |    pointer   |
|B_15_V           |  in |   13|   ap_none  |    B_15_V    |    pointer   |
|B_16_V           |  in |   13|   ap_none  |    B_16_V    |    pointer   |
|B_17_V           |  in |   13|   ap_none  |    B_17_V    |    pointer   |
|B_18_V           |  in |   13|   ap_none  |    B_18_V    |    pointer   |
|B_19_V           |  in |   13|   ap_none  |    B_19_V    |    pointer   |
|B_20_V           |  in |   13|   ap_none  |    B_20_V    |    pointer   |
|B_21_V           |  in |   13|   ap_none  |    B_21_V    |    pointer   |
|B_22_V           |  in |   13|   ap_none  |    B_22_V    |    pointer   |
|B_23_V           |  in |   13|   ap_none  |    B_23_V    |    pointer   |
|B_24_V           |  in |   13|   ap_none  |    B_24_V    |    pointer   |
|B_25_V           |  in |   13|   ap_none  |    B_25_V    |    pointer   |
|B_26_V           |  in |   13|   ap_none  |    B_26_V    |    pointer   |
|B_27_V           |  in |   13|   ap_none  |    B_27_V    |    pointer   |
|B_28_V           |  in |   13|   ap_none  |    B_28_V    |    pointer   |
|B_29_V           |  in |   13|   ap_none  |    B_29_V    |    pointer   |
|B_30_V           |  in |   13|   ap_none  |    B_30_V    |    pointer   |
|B_31_V           |  in |   13|   ap_none  |    B_31_V    |    pointer   |
|B_32_V           |  in |   13|   ap_none  |    B_32_V    |    pointer   |
|B_33_V           |  in |   13|   ap_none  |    B_33_V    |    pointer   |
|B_34_V           |  in |   13|   ap_none  |    B_34_V    |    pointer   |
|B_35_V           |  in |   13|   ap_none  |    B_35_V    |    pointer   |
|B_36_V           |  in |   13|   ap_none  |    B_36_V    |    pointer   |
|B_37_V           |  in |   13|   ap_none  |    B_37_V    |    pointer   |
|B_38_V           |  in |   13|   ap_none  |    B_38_V    |    pointer   |
|B_39_V           |  in |   13|   ap_none  |    B_39_V    |    pointer   |
|B_40_V           |  in |   13|   ap_none  |    B_40_V    |    pointer   |
|B_41_V           |  in |   13|   ap_none  |    B_41_V    |    pointer   |
|B_42_V           |  in |   13|   ap_none  |    B_42_V    |    pointer   |
|B_43_V           |  in |   13|   ap_none  |    B_43_V    |    pointer   |
|B_44_V           |  in |   13|   ap_none  |    B_44_V    |    pointer   |
|B_45_V           |  in |   13|   ap_none  |    B_45_V    |    pointer   |
|B_46_V           |  in |   13|   ap_none  |    B_46_V    |    pointer   |
|B_47_V           |  in |   13|   ap_none  |    B_47_V    |    pointer   |
|B_48_V           |  in |   13|   ap_none  |    B_48_V    |    pointer   |
|B_49_V           |  in |   13|   ap_none  |    B_49_V    |    pointer   |
|B_50_V           |  in |   13|   ap_none  |    B_50_V    |    pointer   |
|B_51_V           |  in |   13|   ap_none  |    B_51_V    |    pointer   |
|B_52_V           |  in |   13|   ap_none  |    B_52_V    |    pointer   |
|B_53_V           |  in |   13|   ap_none  |    B_53_V    |    pointer   |
|B_54_V           |  in |   13|   ap_none  |    B_54_V    |    pointer   |
|B_55_V           |  in |   13|   ap_none  |    B_55_V    |    pointer   |
|B_56_V           |  in |   13|   ap_none  |    B_56_V    |    pointer   |
|B_57_V           |  in |   13|   ap_none  |    B_57_V    |    pointer   |
|B_58_V           |  in |   13|   ap_none  |    B_58_V    |    pointer   |
|B_59_V           |  in |   13|   ap_none  |    B_59_V    |    pointer   |
|B_60_V           |  in |   13|   ap_none  |    B_60_V    |    pointer   |
|B_61_V           |  in |   13|   ap_none  |    B_61_V    |    pointer   |
|B_62_V           |  in |   13|   ap_none  |    B_62_V    |    pointer   |
|B_63_V           |  in |   13|   ap_none  |    B_63_V    |    pointer   |
|C_0_V            | out |   26|   ap_vld   |     C_0_V    |    pointer   |
|C_0_V_ap_vld     | out |    1|   ap_vld   |     C_0_V    |    pointer   |
|C_1_V            | out |   26|   ap_vld   |     C_1_V    |    pointer   |
|C_1_V_ap_vld     | out |    1|   ap_vld   |     C_1_V    |    pointer   |
|C_2_V            | out |   26|   ap_vld   |     C_2_V    |    pointer   |
|C_2_V_ap_vld     | out |    1|   ap_vld   |     C_2_V    |    pointer   |
|C_3_V            | out |   26|   ap_vld   |     C_3_V    |    pointer   |
|C_3_V_ap_vld     | out |    1|   ap_vld   |     C_3_V    |    pointer   |
|C_4_V            | out |   26|   ap_vld   |     C_4_V    |    pointer   |
|C_4_V_ap_vld     | out |    1|   ap_vld   |     C_4_V    |    pointer   |
|C_5_V            | out |   26|   ap_vld   |     C_5_V    |    pointer   |
|C_5_V_ap_vld     | out |    1|   ap_vld   |     C_5_V    |    pointer   |
|C_6_V            | out |   26|   ap_vld   |     C_6_V    |    pointer   |
|C_6_V_ap_vld     | out |    1|   ap_vld   |     C_6_V    |    pointer   |
|C_7_V            | out |   26|   ap_vld   |     C_7_V    |    pointer   |
|C_7_V_ap_vld     | out |    1|   ap_vld   |     C_7_V    |    pointer   |
|C_8_V            | out |   26|   ap_vld   |     C_8_V    |    pointer   |
|C_8_V_ap_vld     | out |    1|   ap_vld   |     C_8_V    |    pointer   |
|C_9_V            | out |   26|   ap_vld   |     C_9_V    |    pointer   |
|C_9_V_ap_vld     | out |    1|   ap_vld   |     C_9_V    |    pointer   |
|C_10_V           | out |   26|   ap_vld   |    C_10_V    |    pointer   |
|C_10_V_ap_vld    | out |    1|   ap_vld   |    C_10_V    |    pointer   |
|C_11_V           | out |   26|   ap_vld   |    C_11_V    |    pointer   |
|C_11_V_ap_vld    | out |    1|   ap_vld   |    C_11_V    |    pointer   |
|C_12_V           | out |   26|   ap_vld   |    C_12_V    |    pointer   |
|C_12_V_ap_vld    | out |    1|   ap_vld   |    C_12_V    |    pointer   |
|C_13_V           | out |   26|   ap_vld   |    C_13_V    |    pointer   |
|C_13_V_ap_vld    | out |    1|   ap_vld   |    C_13_V    |    pointer   |
|C_14_V           | out |   26|   ap_vld   |    C_14_V    |    pointer   |
|C_14_V_ap_vld    | out |    1|   ap_vld   |    C_14_V    |    pointer   |
|C_15_V           | out |   26|   ap_vld   |    C_15_V    |    pointer   |
|C_15_V_ap_vld    | out |    1|   ap_vld   |    C_15_V    |    pointer   |
|C_16_V           | out |   26|   ap_vld   |    C_16_V    |    pointer   |
|C_16_V_ap_vld    | out |    1|   ap_vld   |    C_16_V    |    pointer   |
|C_17_V           | out |   26|   ap_vld   |    C_17_V    |    pointer   |
|C_17_V_ap_vld    | out |    1|   ap_vld   |    C_17_V    |    pointer   |
|C_18_V           | out |   26|   ap_vld   |    C_18_V    |    pointer   |
|C_18_V_ap_vld    | out |    1|   ap_vld   |    C_18_V    |    pointer   |
|C_19_V           | out |   26|   ap_vld   |    C_19_V    |    pointer   |
|C_19_V_ap_vld    | out |    1|   ap_vld   |    C_19_V    |    pointer   |
|C_20_V           | out |   26|   ap_vld   |    C_20_V    |    pointer   |
|C_20_V_ap_vld    | out |    1|   ap_vld   |    C_20_V    |    pointer   |
|C_21_V           | out |   26|   ap_vld   |    C_21_V    |    pointer   |
|C_21_V_ap_vld    | out |    1|   ap_vld   |    C_21_V    |    pointer   |
|C_22_V           | out |   26|   ap_vld   |    C_22_V    |    pointer   |
|C_22_V_ap_vld    | out |    1|   ap_vld   |    C_22_V    |    pointer   |
|C_23_V           | out |   26|   ap_vld   |    C_23_V    |    pointer   |
|C_23_V_ap_vld    | out |    1|   ap_vld   |    C_23_V    |    pointer   |
|C_24_V           | out |   26|   ap_vld   |    C_24_V    |    pointer   |
|C_24_V_ap_vld    | out |    1|   ap_vld   |    C_24_V    |    pointer   |
|C_25_V           | out |   26|   ap_vld   |    C_25_V    |    pointer   |
|C_25_V_ap_vld    | out |    1|   ap_vld   |    C_25_V    |    pointer   |
|C_26_V           | out |   26|   ap_vld   |    C_26_V    |    pointer   |
|C_26_V_ap_vld    | out |    1|   ap_vld   |    C_26_V    |    pointer   |
|C_27_V           | out |   26|   ap_vld   |    C_27_V    |    pointer   |
|C_27_V_ap_vld    | out |    1|   ap_vld   |    C_27_V    |    pointer   |
|C_28_V           | out |   26|   ap_vld   |    C_28_V    |    pointer   |
|C_28_V_ap_vld    | out |    1|   ap_vld   |    C_28_V    |    pointer   |
|C_29_V           | out |   26|   ap_vld   |    C_29_V    |    pointer   |
|C_29_V_ap_vld    | out |    1|   ap_vld   |    C_29_V    |    pointer   |
|C_30_V           | out |   26|   ap_vld   |    C_30_V    |    pointer   |
|C_30_V_ap_vld    | out |    1|   ap_vld   |    C_30_V    |    pointer   |
|C_31_V           | out |   26|   ap_vld   |    C_31_V    |    pointer   |
|C_31_V_ap_vld    | out |    1|   ap_vld   |    C_31_V    |    pointer   |
|C_32_V           | out |   26|   ap_vld   |    C_32_V    |    pointer   |
|C_32_V_ap_vld    | out |    1|   ap_vld   |    C_32_V    |    pointer   |
|C_33_V           | out |   26|   ap_vld   |    C_33_V    |    pointer   |
|C_33_V_ap_vld    | out |    1|   ap_vld   |    C_33_V    |    pointer   |
|C_34_V           | out |   26|   ap_vld   |    C_34_V    |    pointer   |
|C_34_V_ap_vld    | out |    1|   ap_vld   |    C_34_V    |    pointer   |
|C_35_V           | out |   26|   ap_vld   |    C_35_V    |    pointer   |
|C_35_V_ap_vld    | out |    1|   ap_vld   |    C_35_V    |    pointer   |
|C_36_V           | out |   26|   ap_vld   |    C_36_V    |    pointer   |
|C_36_V_ap_vld    | out |    1|   ap_vld   |    C_36_V    |    pointer   |
|C_37_V           | out |   26|   ap_vld   |    C_37_V    |    pointer   |
|C_37_V_ap_vld    | out |    1|   ap_vld   |    C_37_V    |    pointer   |
|C_38_V           | out |   26|   ap_vld   |    C_38_V    |    pointer   |
|C_38_V_ap_vld    | out |    1|   ap_vld   |    C_38_V    |    pointer   |
|C_39_V           | out |   26|   ap_vld   |    C_39_V    |    pointer   |
|C_39_V_ap_vld    | out |    1|   ap_vld   |    C_39_V    |    pointer   |
|C_40_V           | out |   26|   ap_vld   |    C_40_V    |    pointer   |
|C_40_V_ap_vld    | out |    1|   ap_vld   |    C_40_V    |    pointer   |
|C_41_V           | out |   26|   ap_vld   |    C_41_V    |    pointer   |
|C_41_V_ap_vld    | out |    1|   ap_vld   |    C_41_V    |    pointer   |
|C_42_V           | out |   26|   ap_vld   |    C_42_V    |    pointer   |
|C_42_V_ap_vld    | out |    1|   ap_vld   |    C_42_V    |    pointer   |
|C_43_V           | out |   26|   ap_vld   |    C_43_V    |    pointer   |
|C_43_V_ap_vld    | out |    1|   ap_vld   |    C_43_V    |    pointer   |
|C_44_V           | out |   26|   ap_vld   |    C_44_V    |    pointer   |
|C_44_V_ap_vld    | out |    1|   ap_vld   |    C_44_V    |    pointer   |
|C_45_V           | out |   26|   ap_vld   |    C_45_V    |    pointer   |
|C_45_V_ap_vld    | out |    1|   ap_vld   |    C_45_V    |    pointer   |
|C_46_V           | out |   26|   ap_vld   |    C_46_V    |    pointer   |
|C_46_V_ap_vld    | out |    1|   ap_vld   |    C_46_V    |    pointer   |
|C_47_V           | out |   26|   ap_vld   |    C_47_V    |    pointer   |
|C_47_V_ap_vld    | out |    1|   ap_vld   |    C_47_V    |    pointer   |
|C_48_V           | out |   26|   ap_vld   |    C_48_V    |    pointer   |
|C_48_V_ap_vld    | out |    1|   ap_vld   |    C_48_V    |    pointer   |
|C_49_V           | out |   26|   ap_vld   |    C_49_V    |    pointer   |
|C_49_V_ap_vld    | out |    1|   ap_vld   |    C_49_V    |    pointer   |
|C_50_V           | out |   26|   ap_vld   |    C_50_V    |    pointer   |
|C_50_V_ap_vld    | out |    1|   ap_vld   |    C_50_V    |    pointer   |
|C_51_V           | out |   26|   ap_vld   |    C_51_V    |    pointer   |
|C_51_V_ap_vld    | out |    1|   ap_vld   |    C_51_V    |    pointer   |
|C_52_V           | out |   26|   ap_vld   |    C_52_V    |    pointer   |
|C_52_V_ap_vld    | out |    1|   ap_vld   |    C_52_V    |    pointer   |
|C_53_V           | out |   26|   ap_vld   |    C_53_V    |    pointer   |
|C_53_V_ap_vld    | out |    1|   ap_vld   |    C_53_V    |    pointer   |
|C_54_V           | out |   26|   ap_vld   |    C_54_V    |    pointer   |
|C_54_V_ap_vld    | out |    1|   ap_vld   |    C_54_V    |    pointer   |
|C_55_V           | out |   26|   ap_vld   |    C_55_V    |    pointer   |
|C_55_V_ap_vld    | out |    1|   ap_vld   |    C_55_V    |    pointer   |
|C_56_V           | out |   26|   ap_vld   |    C_56_V    |    pointer   |
|C_56_V_ap_vld    | out |    1|   ap_vld   |    C_56_V    |    pointer   |
|C_57_V           | out |   26|   ap_vld   |    C_57_V    |    pointer   |
|C_57_V_ap_vld    | out |    1|   ap_vld   |    C_57_V    |    pointer   |
|C_58_V           | out |   26|   ap_vld   |    C_58_V    |    pointer   |
|C_58_V_ap_vld    | out |    1|   ap_vld   |    C_58_V    |    pointer   |
|C_59_V           | out |   26|   ap_vld   |    C_59_V    |    pointer   |
|C_59_V_ap_vld    | out |    1|   ap_vld   |    C_59_V    |    pointer   |
|C_60_V           | out |   26|   ap_vld   |    C_60_V    |    pointer   |
|C_60_V_ap_vld    | out |    1|   ap_vld   |    C_60_V    |    pointer   |
|C_61_V           | out |   26|   ap_vld   |    C_61_V    |    pointer   |
|C_61_V_ap_vld    | out |    1|   ap_vld   |    C_61_V    |    pointer   |
|C_62_V           | out |   26|   ap_vld   |    C_62_V    |    pointer   |
|C_62_V_ap_vld    | out |    1|   ap_vld   |    C_62_V    |    pointer   |
|C_63_V           | out |   26|   ap_vld   |    C_63_V    |    pointer   |
|C_63_V_ap_vld    | out |    1|   ap_vld   |    C_63_V    |    pointer   |
|ap_clk           |  in |    1| ap_ctrl_hs |    example   | return value |
|ap_rst           |  in |    1| ap_ctrl_hs |    example   | return value |
|ap_start         |  in |    1| ap_ctrl_hs |    example   | return value |
|ap_done          | out |    1| ap_ctrl_hs |    example   | return value |
|ap_ready         | out |    1| ap_ctrl_hs |    example   | return value |
|ap_idle          | out |    1| ap_ctrl_hs |    example   | return value |
+-----------------+-----+-----+------------+--------------+--------------+

