

================================================================
== Vivado HLS Report for 'example'
================================================================
* Date:           Sat May 10 16:54:24 2025

* Version:        2020.1 (Build 2897737 on Wed May 27 20:21:37 MDT 2020)
* Project:        assignment6
* Solution:       solution1
* Product family: virtexuplus
* Target device:  xcvu9p-flga2104-1-i


================================================================
== Performance Estimates
================================================================
+ Timing: 
    * Summary: 
    +--------+----------+----------+------------+
    |  Clock |  Target  | Estimated| Uncertainty|
    +--------+----------+----------+------------+
    |ap_clk  | 25.00 ns | 6.240 ns |   3.12 ns  |
    +--------+----------+----------+------------+

+ Latency: 
    * Summary: 
    +---------+---------+----------+----------+-----+-----+----------+
    |  Latency (cycles) |  Latency (absolute) |  Interval | Pipeline |
    |   min   |   max   |    min   |    max   | min | max |   Type   |
    +---------+---------+----------+----------+-----+-----+----------+
    |      377|      377| 9.425 us | 9.425 us |  254|  254| dataflow |
    +---------+---------+----------+----------+-----+-----+----------+

    + Detail: 
        * Instance: 
        +-------------------------+----------------------+---------+---------+----------+----------+-----+-----+---------+
        |                         |                      |  Latency (cycles) |  Latency (absolute) |  Interval | Pipeline|
        |         Instance        |        Module        |   min   |   max   |    min   |    max   | min | max |   Type  |
        +-------------------------+----------------------+---------+---------+----------+----------+-----+-----+---------+
        |Block_arrayctor_loop_U0  |Block_arrayctor_loop  |      253|      253| 6.325 us | 6.325 us |  253|  253|   none  |
        |write_data_U0            |write_data            |       61|       61| 1.525 us | 1.525 us |   61|   61|   none  |
        |read_data_U0             |read_data             |       61|       61| 1.525 us | 1.525 us |   61|   61|   none  |
        +-------------------------+----------------------+---------+---------+----------+----------+-----+-----+---------+

        * Loop: 
        N/A



================================================================
== Utilization Estimates
================================================================
* Summary: 
+---------------------+---------+-------+---------+---------+-----+
|         Name        | BRAM_18K| DSP48E|    FF   |   LUT   | URAM|
+---------------------+---------+-------+---------+---------+-----+
|DSP                  |        -|      -|        -|        -|    -|
|Expression           |        -|      -|        0|       34|    -|
|FIFO                 |        -|      -|        -|        -|    -|
|Instance             |        -|      1|      221|      599|    -|
|Memory               |        0|      -|      108|       12|    0|
|Multiplexer          |        -|      -|        -|       54|    -|
|Register             |        -|      -|        6|        -|    -|
+---------------------+---------+-------+---------+---------+-----+
|Total                |        0|      1|      335|      699|    0|
+---------------------+---------+-------+---------+---------+-----+
|Available SLR        |     1440|   2280|   788160|   394080|  320|
+---------------------+---------+-------+---------+---------+-----+
|Utilization SLR (%)  |        0|   ~0  |    ~0   |    ~0   |    0|
+---------------------+---------+-------+---------+---------+-----+
|Available            |     4320|   6840|  2364480|  1182240|  960|
+---------------------+---------+-------+---------+---------+-----+
|Utilization (%)      |        0|   ~0  |    ~0   |    ~0   |    0|
+---------------------+---------+-------+---------+---------+-----+

+ Detail: 
    * Instance: 
    +-------------------------+----------------------+---------+-------+-----+-----+-----+
    |         Instance        |        Module        | BRAM_18K| DSP48E|  FF | LUT | URAM|
    +-------------------------+----------------------+---------+-------+-----+-----+-----+
    |Block_arrayctor_loop_U0  |Block_arrayctor_loop  |        0|      1|  130|  316|    0|
    |read_data_U0             |read_data             |        0|      0|   45|  134|    0|
    |write_data_U0            |write_data            |        0|      0|   46|  149|    0|
    +-------------------------+----------------------+---------+-------+-----+-----+-----+
    |Total                    |                      |        0|      1|  221|  599|    0|
    +-------------------------+----------------------+---------+-------+-----+-----+-----+

    * DSP48E: 
    N/A

    * Memory: 
    +-------------+-------------------+---------+----+----+-----+------+-----+------+-------------+
    |    Memory   |       Module      | BRAM_18K| FF | LUT| URAM| Words| Bits| Banks| W*Bits*Banks|
    +-------------+-------------------+---------+----+----+-----+------+-----+------+-------------+
    |temp1_V_0_U  |example_temp1_V_0  |        0|  18|   2|    0|    10|    9|     2|          180|
    |temp1_V_1_U  |example_temp1_V_0  |        0|  18|   2|    0|    10|    9|     2|          180|
    |temp1_V_2_U  |example_temp1_V_0  |        0|  18|   2|    0|    10|    9|     2|          180|
    |temp2_0_U    |example_temp2_0    |        0|  18|   2|    0|    10|    9|     2|          180|
    |temp2_1_U    |example_temp2_0    |        0|  18|   2|    0|    10|    9|     2|          180|
    |temp2_2_U    |example_temp2_0    |        0|  18|   2|    0|    10|    9|     2|          180|
    +-------------+-------------------+---------+----+----+-----+------+-----+------+-------------+
    |Total        |                   |        0| 108|  12|    0|    60|   54|    12|         1080|
    +-------------+-------------------+---------+----+----+-----+------+-----+------+-------------+

    * FIFO: 
    N/A

    * Expression: 
    +-------------------------------------+----------+-------+---+----+------------+------------+
    |            Variable Name            | Operation| DSP48E| FF| LUT| Bitwidth P0| Bitwidth P1|
    +-------------------------------------+----------+-------+---+----+------------+------------+
    |Block_arrayctor_loop_U0_ap_continue  |    and   |      0|  0|   2|           1|           1|
    |Block_arrayctor_loop_U0_ap_start     |    and   |      0|  0|   2|           1|           1|
    |ap_channel_done_temp1_V_0            |    and   |      0|  0|   2|           1|           1|
    |ap_channel_done_temp1_V_1            |    and   |      0|  0|   2|           1|           1|
    |ap_channel_done_temp1_V_2            |    and   |      0|  0|   2|           1|           1|
    |ap_channel_done_temp2_0              |    and   |      0|  0|   2|           1|           1|
    |ap_channel_done_temp2_1              |    and   |      0|  0|   2|           1|           1|
    |ap_channel_done_temp2_2              |    and   |      0|  0|   2|           1|           1|
    |ap_idle                              |    and   |      0|  0|   2|           1|           1|
    |read_data_U0_ap_continue             |    and   |      0|  0|   2|           1|           1|
    |write_data_U0_ap_start               |    and   |      0|  0|   2|           1|           1|
    |ap_sync_channel_write_temp1_V_0      |    or    |      0|  0|   2|           1|           1|
    |ap_sync_channel_write_temp1_V_1      |    or    |      0|  0|   2|           1|           1|
    |ap_sync_channel_write_temp1_V_2      |    or    |      0|  0|   2|           1|           1|
    |ap_sync_channel_write_temp2_0        |    or    |      0|  0|   2|           1|           1|
    |ap_sync_channel_write_temp2_1        |    or    |      0|  0|   2|           1|           1|
    |ap_sync_channel_write_temp2_2        |    or    |      0|  0|   2|           1|           1|
    +-------------------------------------+----------+-------+---+----+------------+------------+
    |Total                                |          |      0|  0|  34|          17|          17|
    +-------------------------------------+----------+-------+---+----+------------+------------+

    * Multiplexer: 
    +-------------------------------------+----+-----------+-----+-----------+
    |                 Name                | LUT| Input Size| Bits| Total Bits|
    +-------------------------------------+----+-----------+-----+-----------+
    |ap_sync_reg_channel_write_temp1_V_0  |   9|          2|    1|          2|
    |ap_sync_reg_channel_write_temp1_V_1  |   9|          2|    1|          2|
    |ap_sync_reg_channel_write_temp1_V_2  |   9|          2|    1|          2|
    |ap_sync_reg_channel_write_temp2_0    |   9|          2|    1|          2|
    |ap_sync_reg_channel_write_temp2_1    |   9|          2|    1|          2|
    |ap_sync_reg_channel_write_temp2_2    |   9|          2|    1|          2|
    +-------------------------------------+----+-----------+-----+-----------+
    |Total                                |  54|         12|    6|         12|
    +-------------------------------------+----+-----------+-----+-----------+

    * Register: 
    +-------------------------------------+---+----+-----+-----------+
    |                 Name                | FF| LUT| Bits| Const Bits|
    +-------------------------------------+---+----+-----+-----------+
    |ap_sync_reg_channel_write_temp1_V_0  |  1|   0|    1|          0|
    |ap_sync_reg_channel_write_temp1_V_1  |  1|   0|    1|          0|
    |ap_sync_reg_channel_write_temp1_V_2  |  1|   0|    1|          0|
    |ap_sync_reg_channel_write_temp2_0    |  1|   0|    1|          0|
    |ap_sync_reg_channel_write_temp2_1    |  1|   0|    1|          0|
    |ap_sync_reg_channel_write_temp2_2    |  1|   0|    1|          0|
    +-------------------------------------+---+----+-----+-----------+
    |Total                                |  6|   0|    6|          0|
    +-------------------------------------+---+----+-----+-----------+



================================================================
== Interface
================================================================
* Summary: 
+--------------+-----+-----+------------+--------------+--------------+
|   RTL Ports  | Dir | Bits|  Protocol  | Source Object|    C Type    |
+--------------+-----+-----+------------+--------------+--------------+
|ap_clk        |  in |    1| ap_ctrl_hs |    example   | return value |
|ap_rst        |  in |    1| ap_ctrl_hs |    example   | return value |
|ap_start      |  in |    1| ap_ctrl_hs |    example   | return value |
|ap_done       | out |    1| ap_ctrl_hs |    example   | return value |
|ap_ready      | out |    1| ap_ctrl_hs |    example   | return value |
|ap_idle       | out |    1| ap_ctrl_hs |    example   | return value |
|A_V_address0  | out |    5|  ap_memory |      A_V     |     array    |
|A_V_ce0       | out |    1|  ap_memory |      A_V     |     array    |
|A_V_d0        | out |    9|  ap_memory |      A_V     |     array    |
|A_V_q0        |  in |    9|  ap_memory |      A_V     |     array    |
|A_V_we0       | out |    1|  ap_memory |      A_V     |     array    |
|A_V_address1  | out |    5|  ap_memory |      A_V     |     array    |
|A_V_ce1       | out |    1|  ap_memory |      A_V     |     array    |
|A_V_d1        | out |    9|  ap_memory |      A_V     |     array    |
|A_V_q1        |  in |    9|  ap_memory |      A_V     |     array    |
|A_V_we1       | out |    1|  ap_memory |      A_V     |     array    |
|B_V_address0  | out |    5|  ap_memory |      B_V     |     array    |
|B_V_ce0       | out |    1|  ap_memory |      B_V     |     array    |
|B_V_d0        | out |    9|  ap_memory |      B_V     |     array    |
|B_V_q0        |  in |    9|  ap_memory |      B_V     |     array    |
|B_V_we0       | out |    1|  ap_memory |      B_V     |     array    |
|B_V_address1  | out |    5|  ap_memory |      B_V     |     array    |
|B_V_ce1       | out |    1|  ap_memory |      B_V     |     array    |
|B_V_d1        | out |    9|  ap_memory |      B_V     |     array    |
|B_V_q1        |  in |    9|  ap_memory |      B_V     |     array    |
|B_V_we1       | out |    1|  ap_memory |      B_V     |     array    |
+--------------+-----+-----+------------+--------------+--------------+

