

================================================================
== Vivado HLS Report for 'example'
================================================================
* Date:           Mon May  5 08:31:52 2025

* Version:        2020.1 (Build 2897737 on Wed May 27 20:21:37 MDT 2020)
* Project:        assignment6
* Solution:       solution1
* Product family: virtexuplus
* Target device:  xcvu9p-flga2104-1-i


================================================================
== Performance Estimates
================================================================
+ Timing: 
    * Summary: 
    +--------+----------+----------+------------+
    |  Clock |  Target  | Estimated| Uncertainty|
    +--------+----------+----------+------------+
    |ap_clk  | 25.00 ns | 8.995 ns |   3.12 ns  |
    +--------+----------+----------+------------+

+ Latency: 
    * Summary: 
    +---------+---------+----------+----------+-----+-----+---------+
    |  Latency (cycles) |  Latency (absolute) |  Interval | Pipeline|
    |   min   |   max   |    min   |    max   | min | max |   Type  |
    +---------+---------+----------+----------+-----+-----+---------+
    |      207|      207| 5.175 us | 5.175 us |  207|  207|   none  |
    +---------+---------+----------+----------+-----+-----+---------+

    + Detail: 
        * Instance: 
        N/A

        * Loop: 
        +----------+---------+---------+----------+-----------+-----------+------+----------+
        |          |  Latency (cycles) | Iteration|  Initiation Interval  | Trip |          |
        | Loop Name|   min   |   max   |  Latency |  achieved |   target  | Count| Pipelined|
        +----------+---------+---------+----------+-----------+-----------+------+----------+
        |- Loop 1  |       60|       60|         2|          -|          -|    30|    no    |
        |- Loop 2  |       84|       84|         3|          -|          -|    28|    no    |
        |- Loop 3  |       60|       60|         2|          -|          -|    30|    no    |
        +----------+---------+---------+----------+-----------+-----------+------+----------+



================================================================
== Utilization Estimates
================================================================
* Summary: 
+---------------------+---------+-------+---------+---------+-----+
|         Name        | BRAM_18K| DSP48E|    FF   |   LUT   | URAM|
+---------------------+---------+-------+---------+---------+-----+
|DSP                  |        -|      -|        -|        -|    -|
|Expression           |        -|      4|        0|      353|    -|
|FIFO                 |        -|      -|        -|        -|    -|
|Instance             |        -|      -|        -|        -|    -|
|Memory               |        0|      -|      128|       30|    0|
|Multiplexer          |        -|      -|        -|      107|    -|
|Register             |        -|      -|       85|        -|    -|
+---------------------+---------+-------+---------+---------+-----+
|Total                |        0|      4|      213|      490|    0|
+---------------------+---------+-------+---------+---------+-----+
|Available SLR        |     1440|   2280|   788160|   394080|  320|
+---------------------+---------+-------+---------+---------+-----+
|Utilization SLR (%)  |        0|   ~0  |    ~0   |    ~0   |    0|
+---------------------+---------+-------+---------+---------+-----+
|Available            |     4320|   6840|  2364480|  1182240|  960|
+---------------------+---------+-------+---------+---------+-----+
|Utilization (%)      |        0|   ~0  |    ~0   |    ~0   |    0|
+---------------------+---------+-------+---------+---------+-----+

+ Detail: 
    * Instance: 
    N/A

    * DSP48E: 
    N/A

    * Memory: 
    +---------+---------------+---------+----+----+-----+------+-----+------+-------------+
    |  Memory |     Module    | BRAM_18K| FF | LUT| URAM| Words| Bits| Banks| W*Bits*Banks|
    +---------+---------------+---------+----+----+-----+------+-----+------+-------------+
    |temp1_U  |example_temp1  |        0|  64|  15|    0|    30|   32|     1|          960|
    |temp2_U  |example_temp2  |        0|  64|  15|    0|    30|   32|     1|          960|
    +---------+---------------+---------+----+----+-----+------+-----+------+-------------+
    |Total    |               |        0| 128|  30|    0|    60|   64|     2|         1920|
    +---------+---------------+---------+----+----+-----+------+-----+------+-------------+

    * FIFO: 
    N/A

    * Expression: 
    +-----------------------+----------+-------+---+----+------------+------------+
    |     Variable Name     | Operation| DSP48E| FF| LUT| Bitwidth P0| Bitwidth P1|
    +-----------------------+----------+-------+---+----+------------+------------+
    |mul_ln12_fu_237_p2     |     *    |      4|  0|  21|          32|          33|
    |add_ln12_2_fu_222_p2   |     +    |      0|  0|  32|          32|          32|
    |add_ln12_3_fu_228_p2   |     +    |      0|  0|  32|          32|          32|
    |add_ln12_fu_195_p2     |     +    |      0|  0|  15|           5|           2|
    |i_1_fu_211_p2          |     +    |      0|  0|  15|           5|           1|
    |i_2_fu_314_p2          |     +    |      0|  0|  15|           5|           1|
    |i_fu_178_p2            |     +    |      0|  0|  15|           5|           1|
    |sub_ln12_1_fu_293_p2   |     -    |      0|  0|  39|           1|          32|
    |sub_ln12_fu_243_p2     |     -    |      0|  0|  72|           1|          65|
    |icmp_ln11_fu_189_p2    |   icmp   |      0|  0|  11|           5|           3|
    |icmp_ln17_fu_308_p2    |   icmp   |      0|  0|  11|           5|           3|
    |icmp_ln5_fu_172_p2     |   icmp   |      0|  0|  11|           5|           3|
    |select_ln12_fu_285_p3  |  select  |      0|  0|  32|           1|          32|
    |temp2_d0               |  select  |      0|  0|  32|           1|          32|
    +-----------------------+----------+-------+---+----+------------+------------+
    |Total                  |          |      4|  0| 353|         135|         272|
    +-----------------------+----------+-------+---+----+------------+------------+

    * Multiplexer: 
    +----------------+----+-----------+-----+-----------+
    |      Name      | LUT| Input Size| Bits| Total Bits|
    +----------------+----+-----------+-----+-----------+
    |ap_NS_fsm       |  44|          9|    1|          9|
    |i_0_i2_reg_149  |   9|          2|    5|         10|
    |i_0_i4_reg_161  |   9|          2|    5|         10|
    |i_0_i_reg_138   |   9|          2|    5|         10|
    |temp1_address0  |  21|          4|    5|         20|
    |temp2_address0  |  15|          3|    5|         15|
    +----------------+----+-----------+-----+-----------+
    |Total           | 107|         22|   26|         74|
    +----------------+----+-----------+-----+-----------+

    * Register: 
    +---------------------+----+----+-----+-----------+
    |         Name        | FF | LUT| Bits| Const Bits|
    +---------------------+----+----+-----+-----------+
    |ap_CS_fsm            |   8|   0|    8|          0|
    |i_0_i2_reg_149       |   5|   0|    5|          0|
    |i_0_i4_reg_161       |   5|   0|    5|          0|
    |i_0_i_reg_138        |   5|   0|    5|          0|
    |i_1_reg_366          |   5|   0|    5|          0|
    |i_2_reg_379          |   5|   0|    5|          0|
    |i_reg_328            |   5|   0|    5|          0|
    |temp1_load_reg_351   |  32|   0|   32|          0|
    |zext_ln12_1_reg_356  |   5|   0|   64|         59|
    |zext_ln18_reg_384    |   5|   0|   64|         59|
    |zext_ln6_reg_333     |   5|   0|   64|         59|
    +---------------------+----+----+-----+-----------+
    |Total                |  85|   0|  262|        177|
    +---------------------+----+----+-----+-----------+



================================================================
== Interface
================================================================
* Summary: 
+------------+-----+-----+------------+--------------+--------------+
|  RTL Ports | Dir | Bits|  Protocol  | Source Object|    C Type    |
+------------+-----+-----+------------+--------------+--------------+
|ap_clk      |  in |    1| ap_ctrl_hs |    example   | return value |
|ap_rst      |  in |    1| ap_ctrl_hs |    example   | return value |
|ap_start    |  in |    1| ap_ctrl_hs |    example   | return value |
|ap_done     | out |    1| ap_ctrl_hs |    example   | return value |
|ap_idle     | out |    1| ap_ctrl_hs |    example   | return value |
|ap_ready    | out |    1| ap_ctrl_hs |    example   | return value |
|A_address0  | out |    5|  ap_memory |       A      |     array    |
|A_ce0       | out |    1|  ap_memory |       A      |     array    |
|A_q0        |  in |   32|  ap_memory |       A      |     array    |
|B_address0  | out |    5|  ap_memory |       B      |     array    |
|B_ce0       | out |    1|  ap_memory |       B      |     array    |
|B_we0       | out |    1|  ap_memory |       B      |     array    |
|B_d0        | out |   32|  ap_memory |       B      |     array    |
+------------+-----+-----+------------+--------------+--------------+